[2020-12-01T19:19:59.440-0800][gc,heap] Heap region size: 1M
[2020-12-01T19:19:59.440-0800][gc,heap,coops] Heap address: 0x00000007e0000000, size: 512 MB, Compressed Oops mode: Zero based, Oop shift amount: 3
[2020-12-01T19:19:59.447-0800][gc           ] Using G1
[2020-12-01T19:19:59.448-0800][gc,cds       ] Mark closed archive regions in map: [0x00000007fff00000, 0x00000007fff7aff8]
[2020-12-01T19:19:59.449-0800][gc,cds       ] Mark open archive regions in map: [0x00000007ffe00000, 0x00000007ffe50ff8]
[2020-12-01T19:19:59.467-0800][gc           ] Periodic GC disabled
[2020-12-01T19:20:01.064-0800][gc,start     ] GC(0) Pause Young (Normal) (G1 Evacuation Pause)
[2020-12-01T19:20:01.065-0800][gc,task      ] GC(0) Using 8 workers of 8 for evacuation
[2020-12-01T19:20:01.071-0800][gc,phases    ] GC(0)   Pre Evacuate Collection Set: 0.1ms
[2020-12-01T19:20:01.071-0800][gc,phases    ] GC(0)   Merge Heap Roots: 0.0ms
[2020-12-01T19:20:01.071-0800][gc,phases    ] GC(0)   Evacuate Collection Set: 5.4ms
[2020-12-01T19:20:01.071-0800][gc,phases    ] GC(0)   Post Evacuate Collection Set: 0.5ms
[2020-12-01T19:20:01.071-0800][gc,phases    ] GC(0)   Other: 0.5ms
[2020-12-01T19:20:01.071-0800][gc,heap      ] GC(0) Eden regions: 256->0(250)
[2020-12-01T19:20:01.071-0800][gc,heap      ] GC(0) Survivor regions: 0->6(32)
[2020-12-01T19:20:01.071-0800][gc,heap      ] GC(0) Old regions: 0->0
[2020-12-01T19:20:01.071-0800][gc,heap      ] GC(0) Archive regions: 2->2
[2020-12-01T19:20:01.071-0800][gc,heap      ] GC(0) Humongous regions: 0->0
[2020-12-01T19:20:01.071-0800][gc,metaspace ] GC(0) Metaspace: 15441K(16128K)->15441K(16128K) NonClass: 13566K(14080K)->13566K(14080K) Class: 1875K(2048K)->1875K(2048K)
[2020-12-01T19:20:01.071-0800][gc           ] GC(0) Pause Young (Normal) (G1 Evacuation Pause) 256M->6M(512M) 6.701ms
[2020-12-01T19:20:01.071-0800][gc,cpu       ] GC(0) User=0.04s Sys=0.01s Real=0.01s
[2020-12-01T19:20:01.484-0800][gc,start     ] GC(1) Pause Young (Concurrent Start) (Metadata GC Threshold)
[2020-12-01T19:20:01.484-0800][gc,task      ] GC(1) Using 8 workers of 8 for evacuation
[2020-12-01T19:20:01.490-0800][gc,phases    ] GC(1)   Pre Evacuate Collection Set: 0.1ms
[2020-12-01T19:20:01.490-0800][gc,phases    ] GC(1)   Merge Heap Roots: 0.0ms
[2020-12-01T19:20:01.490-0800][gc,phases    ] GC(1)   Evacuate Collection Set: 5.1ms
[2020-12-01T19:20:01.490-0800][gc,phases    ] GC(1)   Post Evacuate Collection Set: 0.5ms
[2020-12-01T19:20:01.490-0800][gc,phases    ] GC(1)   Other: 0.2ms
[2020-12-01T19:20:01.490-0800][gc,heap      ] GC(1) Eden regions: 110->0(248)
[2020-12-01T19:20:01.490-0800][gc,heap      ] GC(1) Survivor regions: 6->8(32)
[2020-12-01T19:20:01.490-0800][gc,heap      ] GC(1) Old regions: 0->0
[2020-12-01T19:20:01.490-0800][gc,heap      ] GC(1) Archive regions: 2->2
[2020-12-01T19:20:01.490-0800][gc,heap      ] GC(1) Humongous regions: 0->0
[2020-12-01T19:20:01.490-0800][gc,metaspace ] GC(1) Metaspace: 20557K(21248K)->20557K(21248K) NonClass: 17994K(18432K)->17994K(18432K) Class: 2563K(2816K)->2563K(2816K)
[2020-12-01T19:20:01.490-0800][gc           ] GC(1) Pause Young (Concurrent Start) (Metadata GC Threshold) 116M->8M(512M) 6.120ms
[2020-12-01T19:20:01.490-0800][gc,cpu       ] GC(1) User=0.04s Sys=0.00s Real=0.01s
[2020-12-01T19:20:01.490-0800][gc           ] GC(2) Concurrent Cycle
[2020-12-01T19:20:01.490-0800][gc,marking   ] GC(2) Concurrent Clear Claimed Marks
[2020-12-01T19:20:01.490-0800][gc,marking   ] GC(2) Concurrent Clear Claimed Marks 0.046ms
[2020-12-01T19:20:01.490-0800][gc,marking   ] GC(2) Concurrent Scan Root Regions
[2020-12-01T19:20:01.495-0800][gc,marking   ] GC(2) Concurrent Scan Root Regions 4.599ms
[2020-12-01T19:20:01.495-0800][gc,marking   ] GC(2) Concurrent Mark (2.063s)
[2020-12-01T19:20:01.495-0800][gc,marking   ] GC(2) Concurrent Mark From Roots
[2020-12-01T19:20:01.495-0800][gc,task      ] GC(2) Using 2 workers of 2 for marking
[2020-12-01T19:20:01.496-0800][gc,marking   ] GC(2) Concurrent Mark From Roots 1.397ms
[2020-12-01T19:20:01.497-0800][gc,marking   ] GC(2) Concurrent Preclean
[2020-12-01T19:20:01.497-0800][gc,marking   ] GC(2) Concurrent Preclean 0.076ms
[2020-12-01T19:20:01.497-0800][gc,marking   ] GC(2) Concurrent Mark (2.063s, 2.065s) 1.602ms
[2020-12-01T19:20:01.497-0800][gc,start     ] GC(2) Pause Remark
[2020-12-01T19:20:01.498-0800][gc           ] GC(2) Pause Remark 9M->9M(512M) 1.188ms
[2020-12-01T19:20:01.498-0800][gc,cpu       ] GC(2) User=0.01s Sys=0.00s Real=0.00s
[2020-12-01T19:20:01.498-0800][gc,marking   ] GC(2) Concurrent Rebuild Remembered Sets
[2020-12-01T19:20:01.499-0800][gc,marking   ] GC(2) Concurrent Rebuild Remembered Sets 0.672ms
[2020-12-01T19:20:01.499-0800][gc,start     ] GC(2) Pause Cleanup
[2020-12-01T19:20:01.499-0800][gc           ] GC(2) Pause Cleanup 9M->9M(512M) 0.065ms
[2020-12-01T19:20:01.499-0800][gc,cpu       ] GC(2) User=0.00s Sys=0.00s Real=0.00s
[2020-12-01T19:20:01.499-0800][gc,marking   ] GC(2) Concurrent Cleanup for Next Mark
[2020-12-01T19:20:01.502-0800][gc,marking   ] GC(2) Concurrent Cleanup for Next Mark 2.665ms
[2020-12-01T19:20:01.502-0800][gc           ] GC(2) Concurrent Cycle 11.656ms
[2020-12-01T19:20:02.649-0800][gc,start     ] GC(3) Pause Young (Normal) (G1 Evacuation Pause)
[2020-12-01T19:20:02.649-0800][gc,task      ] GC(3) Using 8 workers of 8 for evacuation
[2020-12-01T19:20:02.659-0800][gc,phases    ] GC(3)   Pre Evacuate Collection Set: 0.1ms
[2020-12-01T19:20:02.659-0800][gc,phases    ] GC(3)   Merge Heap Roots: 0.0ms
[2020-12-01T19:20:02.659-0800][gc,phases    ] GC(3)   Evacuate Collection Set: 8.7ms
[2020-12-01T19:20:02.659-0800][gc,phases    ] GC(3)   Post Evacuate Collection Set: 0.7ms
[2020-12-01T19:20:02.659-0800][gc,phases    ] GC(3)   Other: 0.1ms
[2020-12-01T19:20:02.659-0800][gc,heap      ] GC(3) Eden regions: 248->0(244)
[2020-12-01T19:20:02.659-0800][gc,heap      ] GC(3) Survivor regions: 8->12(32)
[2020-12-01T19:20:02.659-0800][gc,heap      ] GC(3) Old regions: 0->0
[2020-12-01T19:20:02.659-0800][gc,heap      ] GC(3) Archive regions: 2->2
[2020-12-01T19:20:02.659-0800][gc,heap      ] GC(3) Humongous regions: 0->0
[2020-12-01T19:20:02.659-0800][gc,metaspace ] GC(3) Metaspace: 23654K(24704K)->23654K(24704K) NonClass: 20759K(21504K)->20759K(21504K) Class: 2894K(3200K)->2894K(3200K)
[2020-12-01T19:20:02.659-0800][gc           ] GC(3) Pause Young (Normal) (G1 Evacuation Pause) 256M->12M(512M) 9.783ms
[2020-12-01T19:20:02.659-0800][gc,cpu       ] GC(3) User=0.06s Sys=0.01s Real=0.01s
[2020-12-01T19:20:03.746-0800][gc,start     ] GC(4) Pause Young (Normal) (G1 Evacuation Pause)
[2020-12-01T19:20:03.746-0800][gc,task      ] GC(4) Using 8 workers of 8 for evacuation
[2020-12-01T19:20:03.757-0800][gc,phases    ] GC(4)   Pre Evacuate Collection Set: 0.1ms
[2020-12-01T19:20:03.757-0800][gc,phases    ] GC(4)   Merge Heap Roots: 0.1ms
[2020-12-01T19:20:03.757-0800][gc,phases    ] GC(4)   Evacuate Collection Set: 9.8ms
[2020-12-01T19:20:03.757-0800][gc,phases    ] GC(4)   Post Evacuate Collection Set: 1.0ms
[2020-12-01T19:20:03.757-0800][gc,phases    ] GC(4)   Other: 0.1ms
[2020-12-01T19:20:03.757-0800][gc,heap      ] GC(4) Eden regions: 244->0(240)
[2020-12-01T19:20:03.757-0800][gc,heap      ] GC(4) Survivor regions: 12->16(32)
[2020-12-01T19:20:03.757-0800][gc,heap      ] GC(4) Old regions: 0->0
[2020-12-01T19:20:03.757-0800][gc,heap      ] GC(4) Archive regions: 2->2
[2020-12-01T19:20:03.757-0800][gc,heap      ] GC(4) Humongous regions: 0->0
[2020-12-01T19:20:03.758-0800][gc,metaspace ] GC(4) Metaspace: 27467K(28672K)->27467K(28672K) NonClass: 24035K(24832K)->24035K(24832K) Class: 3432K(3840K)->3432K(3840K)
[2020-12-01T19:20:03.758-0800][gc           ] GC(4) Pause Young (Normal) (G1 Evacuation Pause) 256M->16M(512M) 11.209ms
[2020-12-01T19:20:03.758-0800][gc,cpu       ] GC(4) User=0.06s Sys=0.01s Real=0.01s
[2020-12-01T19:20:04.719-0800][gc,start     ] GC(5) Pause Young (Concurrent Start) (Metadata GC Threshold)
[2020-12-01T19:20:04.719-0800][gc,task      ] GC(5) Using 8 workers of 8 for evacuation
[2020-12-01T19:20:04.733-0800][gc,phases    ] GC(5)   Pre Evacuate Collection Set: 0.1ms
[2020-12-01T19:20:04.733-0800][gc,phases    ] GC(5)   Merge Heap Roots: 0.0ms
[2020-12-01T19:20:04.733-0800][gc,phases    ] GC(5)   Evacuate Collection Set: 12.8ms
[2020-12-01T19:20:04.733-0800][gc,phases    ] GC(5)   Post Evacuate Collection Set: 1.0ms
[2020-12-01T19:20:04.733-0800][gc,phases    ] GC(5)   Other: 0.2ms
[2020-12-01T19:20:04.733-0800][gc,heap      ] GC(5) Eden regions: 139->0(233)
[2020-12-01T19:20:04.733-0800][gc,heap      ] GC(5) Survivor regions: 16->23(32)
[2020-12-01T19:20:04.733-0800][gc,heap      ] GC(5) Old regions: 0->0
[2020-12-01T19:20:04.733-0800][gc,heap      ] GC(5) Archive regions: 2->2
[2020-12-01T19:20:04.733-0800][gc,heap      ] GC(5) Humongous regions: 0->0
[2020-12-01T19:20:04.733-0800][gc,metaspace ] GC(5) Metaspace: 34781K(35840K)->34781K(35840K) NonClass: 30467K(31104K)->30467K(31104K) Class: 4314K(4736K)->4314K(4736K)
[2020-12-01T19:20:04.733-0800][gc           ] GC(5) Pause Young (Concurrent Start) (Metadata GC Threshold) 155M->23M(512M) 14.297ms
[2020-12-01T19:20:04.733-0800][gc,cpu       ] GC(5) User=0.10s Sys=0.00s Real=0.02s
[2020-12-01T19:20:04.733-0800][gc           ] GC(6) Concurrent Cycle
[2020-12-01T19:20:04.733-0800][gc,marking   ] GC(6) Concurrent Clear Claimed Marks
[2020-12-01T19:20:04.733-0800][gc,marking   ] GC(6) Concurrent Clear Claimed Marks 0.052ms
[2020-12-01T19:20:04.733-0800][gc,marking   ] GC(6) Concurrent Scan Root Regions
[2020-12-01T19:20:04.744-0800][gc,marking   ] GC(6) Concurrent Scan Root Regions 10.898ms
[2020-12-01T19:20:04.744-0800][gc,marking   ] GC(6) Concurrent Mark (5.312s)
[2020-12-01T19:20:04.744-0800][gc,marking   ] GC(6) Concurrent Mark From Roots
[2020-12-01T19:20:04.744-0800][gc,task      ] GC(6) Using 2 workers of 2 for marking
[2020-12-01T19:20:04.746-0800][gc,marking   ] GC(6) Concurrent Mark From Roots 1.442ms
[2020-12-01T19:20:04.746-0800][gc,marking   ] GC(6) Concurrent Preclean
[2020-12-01T19:20:04.746-0800][gc,marking   ] GC(6) Concurrent Preclean 0.039ms
[2020-12-01T19:20:04.746-0800][gc,marking   ] GC(6) Concurrent Mark (5.312s, 5.314s) 1.555ms
[2020-12-01T19:20:04.746-0800][gc,start     ] GC(6) Pause Remark
[2020-12-01T19:20:04.748-0800][gc           ] GC(6) Pause Remark 24M->24M(512M) 2.226ms
[2020-12-01T19:20:04.748-0800][gc,cpu       ] GC(6) User=0.01s Sys=0.01s Real=0.00s
[2020-12-01T19:20:04.748-0800][gc,marking   ] GC(6) Concurrent Rebuild Remembered Sets
[2020-12-01T19:20:04.749-0800][gc,marking   ] GC(6) Concurrent Rebuild Remembered Sets 0.657ms
[2020-12-01T19:20:04.749-0800][gc,start     ] GC(6) Pause Cleanup
[2020-12-01T19:20:04.750-0800][gc           ] GC(6) Pause Cleanup 24M->24M(512M) 0.113ms
[2020-12-01T19:20:04.750-0800][gc,cpu       ] GC(6) User=0.00s Sys=0.00s Real=0.01s
[2020-12-01T19:20:04.750-0800][gc,marking   ] GC(6) Concurrent Cleanup for Next Mark
[2020-12-01T19:20:04.754-0800][gc,marking   ] GC(6) Concurrent Cleanup for Next Mark 3.910ms
[2020-12-01T19:20:04.754-0800][gc           ] GC(6) Concurrent Cycle 20.398ms
[2020-12-01T19:20:06.450-0800][gc,start     ] GC(7) Pause Young (Normal) (G1 Evacuation Pause)
[2020-12-01T19:20:06.450-0800][gc,task      ] GC(7) Using 8 workers of 8 for evacuation
[2020-12-01T19:20:06.471-0800][gc,phases    ] GC(7)   Pre Evacuate Collection Set: 0.1ms
[2020-12-01T19:20:06.471-0800][gc,phases    ] GC(7)   Merge Heap Roots: 0.1ms
[2020-12-01T19:20:06.471-0800][gc,phases    ] GC(7)   Evacuate Collection Set: 19.3ms
[2020-12-01T19:20:06.471-0800][gc,phases    ] GC(7)   Post Evacuate Collection Set: 1.6ms
[2020-12-01T19:20:06.471-0800][gc,phases    ] GC(7)   Other: 0.1ms
[2020-12-01T19:20:06.471-0800][gc,heap      ] GC(7) Eden regions: 233->0(235)
[2020-12-01T19:20:06.471-0800][gc,heap      ] GC(7) Survivor regions: 23->21(32)
[2020-12-01T19:20:06.471-0800][gc,heap      ] GC(7) Old regions: 0->8
[2020-12-01T19:20:06.471-0800][gc,heap      ] GC(7) Archive regions: 2->2
[2020-12-01T19:20:06.471-0800][gc,heap      ] GC(7) Humongous regions: 0->0
[2020-12-01T19:20:06.471-0800][gc,metaspace ] GC(7) Metaspace: 46831K(48128K)->46831K(48128K) NonClass: 41152K(41984K)->41152K(41984K) Class: 5679K(6144K)->5679K(6144K)
[2020-12-01T19:20:06.471-0800][gc           ] GC(7) Pause Young (Normal) (G1 Evacuation Pause) 256M->28M(512M) 21.266ms
[2020-12-01T19:20:06.471-0800][gc,cpu       ] GC(7) User=0.14s Sys=0.01s Real=0.02s
[2020-12-01T19:20:08.417-0800][gc,start     ] GC(8) Pause Young (Concurrent Start) (Metadata GC Threshold)
[2020-12-01T19:20:08.417-0800][gc,task      ] GC(8) Using 8 workers of 8 for evacuation
[2020-12-01T19:20:08.450-0800][gc,phases    ] GC(8)   Pre Evacuate Collection Set: 2.4ms
[2020-12-01T19:20:08.450-0800][gc,phases    ] GC(8)   Merge Heap Roots: 0.5ms
[2020-12-01T19:20:08.450-0800][gc,phases    ] GC(8)   Evacuate Collection Set: 26.8ms
[2020-12-01T19:20:08.450-0800][gc,phases    ] GC(8)   Post Evacuate Collection Set: 2.9ms
[2020-12-01T19:20:08.450-0800][gc,phases    ] GC(8)   Other: 0.4ms
[2020-12-01T19:20:08.450-0800][gc,heap      ] GC(8) Eden regions: 188->0(232)
[2020-12-01T19:20:08.450-0800][gc,heap      ] GC(8) Survivor regions: 21->24(32)
[2020-12-01T19:20:08.450-0800][gc,heap      ] GC(8) Old regions: 8->12
[2020-12-01T19:20:08.450-0800][gc,heap      ] GC(8) Archive regions: 2->2
[2020-12-01T19:20:08.450-0800][gc,heap      ] GC(8) Humongous regions: 6->6
[2020-12-01T19:20:08.450-0800][gc,metaspace ] GC(8) Metaspace: 58545K(60160K)->58545K(60160K) NonClass: 51408K(52352K)->51408K(52352K) Class: 7137K(7808K)->7137K(7808K)
[2020-12-01T19:20:08.450-0800][gc           ] GC(8) Pause Young (Concurrent Start) (Metadata GC Threshold) 221M->41M(512M) 33.352ms
[2020-12-01T19:20:08.450-0800][gc,cpu       ] GC(8) User=0.17s Sys=0.00s Real=0.04s
[2020-12-01T19:20:08.450-0800][gc           ] GC(9) Concurrent Cycle
[2020-12-01T19:20:08.450-0800][gc,marking   ] GC(9) Concurrent Clear Claimed Marks
[2020-12-01T19:20:08.450-0800][gc,marking   ] GC(9) Concurrent Clear Claimed Marks 0.109ms
[2020-12-01T19:20:08.451-0800][gc,marking   ] GC(9) Concurrent Scan Root Regions
[2020-12-01T19:20:08.474-0800][gc,marking   ] GC(9) Concurrent Scan Root Regions 23.742ms
[2020-12-01T19:20:08.474-0800][gc,marking   ] GC(9) Concurrent Mark (9.043s)
[2020-12-01T19:20:08.474-0800][gc,marking   ] GC(9) Concurrent Mark From Roots
[2020-12-01T19:20:08.474-0800][gc,task      ] GC(9) Using 2 workers of 2 for marking
[2020-12-01T19:20:08.502-0800][gc,marking   ] GC(9) Concurrent Mark From Roots 27.977ms
[2020-12-01T19:20:08.502-0800][gc,marking   ] GC(9) Concurrent Preclean
[2020-12-01T19:20:08.502-0800][gc,marking   ] GC(9) Concurrent Preclean 0.082ms
[2020-12-01T19:20:08.502-0800][gc,marking   ] GC(9) Concurrent Mark (9.043s, 9.071s) 28.137ms
[2020-12-01T19:20:08.503-0800][gc,start     ] GC(9) Pause Remark
[2020-12-01T19:20:08.513-0800][gc           ] GC(9) Pause Remark 45M->45M(512M) 10.344ms
[2020-12-01T19:20:08.513-0800][gc,cpu       ] GC(9) User=0.06s Sys=0.00s Real=0.01s
[2020-12-01T19:20:08.513-0800][gc,marking   ] GC(9) Concurrent Rebuild Remembered Sets
[2020-12-01T19:20:08.527-0800][gc,marking   ] GC(9) Concurrent Rebuild Remembered Sets 13.291ms
[2020-12-01T19:20:08.528-0800][gc,start     ] GC(9) Pause Cleanup
[2020-12-01T19:20:08.528-0800][gc           ] GC(9) Pause Cleanup 45M->45M(512M) 0.146ms
[2020-12-01T19:20:08.528-0800][gc,cpu       ] GC(9) User=0.00s Sys=0.00s Real=0.00s
[2020-12-01T19:20:08.528-0800][gc,marking   ] GC(9) Concurrent Cleanup for Next Mark
[2020-12-01T19:20:08.529-0800][gc,marking   ] GC(9) Concurrent Cleanup for Next Mark 0.952ms
[2020-12-01T19:20:08.529-0800][gc           ] GC(9) Concurrent Cycle 78.863ms
[2020-12-01T19:28:01.588-0800][gc,start     ] GC(10) Pause Young (Normal) (G1 Evacuation Pause)
[2020-12-01T19:28:01.588-0800][gc,task      ] GC(10) Using 8 workers of 8 for evacuation
[2020-12-01T19:28:01.610-0800][gc,phases    ] GC(10)   Pre Evacuate Collection Set: 0.1ms
[2020-12-01T19:28:01.610-0800][gc,phases    ] GC(10)   Merge Heap Roots: 0.1ms
[2020-12-01T19:28:01.610-0800][gc,phases    ] GC(10)   Evacuate Collection Set: 19.4ms
[2020-12-01T19:28:01.610-0800][gc,phases    ] GC(10)   Post Evacuate Collection Set: 1.5ms
[2020-12-01T19:28:01.610-0800][gc,phases    ] GC(10)   Other: 0.6ms
[2020-12-01T19:28:01.610-0800][gc,heap      ] GC(10) Eden regions: 232->0(237)
[2020-12-01T19:28:01.610-0800][gc,heap      ] GC(10) Survivor regions: 24->19(32)
[2020-12-01T19:28:01.610-0800][gc,heap      ] GC(10) Old regions: 12->21
[2020-12-01T19:28:01.610-0800][gc,heap      ] GC(10) Archive regions: 2->2
[2020-12-01T19:28:01.610-0800][gc,heap      ] GC(10) Humongous regions: 8->8
[2020-12-01T19:28:01.610-0800][gc,metaspace ] GC(10) Metaspace: 68283K(70784K)->68283K(70784K) NonClass: 59899K(61184K)->59899K(61184K) Class: 8384K(9600K)->8384K(9600K)
[2020-12-01T19:28:01.610-0800][gc           ] GC(10) Pause Young (Normal) (G1 Evacuation Pause) 275M->47M(512M) 21.871ms
[2020-12-01T19:28:01.610-0800][gc,cpu       ] GC(10) User=0.12s Sys=0.02s Real=0.03s
[2020-12-01T19:34:06.777-0800][gc,heap,exit ] Heap
[2020-12-01T19:34:06.777-0800][gc,heap,exit ]  garbage-first heap   total 524288K, used 94840K [0x00000007e0000000, 0x0000000800000000)
[2020-12-01T19:34:06.777-0800][gc,heap,exit ]   region size 1024K, 64 young (65536K), 19 survivors (19456K)
[2020-12-01T19:34:06.777-0800][gc,heap,exit ]  Metaspace       used 70239K, capacity 72750K, committed 73088K, reserved 1112064K
[2020-12-01T19:34:06.777-0800][gc,heap,exit ]   class space    used 8604K, capacity 10000K, committed 10112K, reserved 1048576K
