[2020-12-01T18:36:35.354-0800][gc,heap] Heap region size: 1M
[2020-12-01T18:36:35.354-0800][gc,heap,coops] Heap address: 0x00000007e0000000, size: 512 MB, Compressed Oops mode: Zero based, Oop shift amount: 3
[2020-12-01T18:36:35.359-0800][gc           ] Using G1
[2020-12-01T18:36:35.360-0800][gc,cds       ] Mark closed archive regions in map: [0x00000007fff00000, 0x00000007fff7aff8]
[2020-12-01T18:36:35.360-0800][gc,cds       ] Mark open archive regions in map: [0x00000007ffe00000, 0x00000007ffe50ff8]
[2020-12-01T18:36:35.378-0800][gc           ] Periodic GC disabled
[2020-12-01T18:36:37.080-0800][gc,start     ] GC(0) Pause Young (Normal) (GCLocker Initiated GC)
[2020-12-01T18:36:37.080-0800][gc,task      ] GC(0) Using 8 workers of 8 for evacuation
[2020-12-01T18:36:37.087-0800][gc,phases    ] GC(0)   Pre Evacuate Collection Set: 0.1ms
[2020-12-01T18:36:37.087-0800][gc,phases    ] GC(0)   Merge Heap Roots: 0.0ms
[2020-12-01T18:36:37.087-0800][gc,phases    ] GC(0)   Evacuate Collection Set: 5.6ms
[2020-12-01T18:36:37.087-0800][gc,phases    ] GC(0)   Post Evacuate Collection Set: 0.6ms
[2020-12-01T18:36:37.087-0800][gc,phases    ] GC(0)   Other: 0.5ms
[2020-12-01T18:36:37.087-0800][gc,heap      ] GC(0) Eden regions: 258->0(250)
[2020-12-01T18:36:37.087-0800][gc,heap      ] GC(0) Survivor regions: 0->6(32)
[2020-12-01T18:36:37.087-0800][gc,heap      ] GC(0) Old regions: 0->0
[2020-12-01T18:36:37.087-0800][gc,heap      ] GC(0) Archive regions: 2->2
[2020-12-01T18:36:37.087-0800][gc,heap      ] GC(0) Humongous regions: 0->0
[2020-12-01T18:36:37.087-0800][gc,metaspace ] GC(0) Metaspace: 15291K(15872K)->15291K(15872K) NonClass: 13436K(13824K)->13436K(13824K) Class: 1854K(2048K)->1854K(2048K)
[2020-12-01T18:36:37.087-0800][gc           ] GC(0) Pause Young (Normal) (GCLocker Initiated GC) 257M->6M(512M) 6.911ms
[2020-12-01T18:36:37.087-0800][gc,cpu       ] GC(0) User=0.04s Sys=0.01s Real=0.00s
[2020-12-01T18:36:37.542-0800][gc,start     ] GC(1) Pause Young (Concurrent Start) (Metadata GC Threshold)
[2020-12-01T18:36:37.542-0800][gc,task      ] GC(1) Using 8 workers of 8 for evacuation
[2020-12-01T18:36:37.548-0800][gc,phases    ] GC(1)   Pre Evacuate Collection Set: 0.1ms
[2020-12-01T18:36:37.548-0800][gc,phases    ] GC(1)   Merge Heap Roots: 0.0ms
[2020-12-01T18:36:37.548-0800][gc,phases    ] GC(1)   Evacuate Collection Set: 5.3ms
[2020-12-01T18:36:37.548-0800][gc,phases    ] GC(1)   Post Evacuate Collection Set: 0.7ms
[2020-12-01T18:36:37.549-0800][gc,phases    ] GC(1)   Other: 0.3ms
[2020-12-01T18:36:37.549-0800][gc,heap      ] GC(1) Eden regions: 100->0(248)
[2020-12-01T18:36:37.549-0800][gc,heap      ] GC(1) Survivor regions: 6->8(32)
[2020-12-01T18:36:37.549-0800][gc,heap      ] GC(1) Old regions: 0->0
[2020-12-01T18:36:37.549-0800][gc,heap      ] GC(1) Archive regions: 2->2
[2020-12-01T18:36:37.549-0800][gc,heap      ] GC(1) Humongous regions: 0->0
[2020-12-01T18:36:37.549-0800][gc,metaspace ] GC(1) Metaspace: 20619K(21248K)->20619K(21248K) NonClass: 18053K(18432K)->18053K(18432K) Class: 2565K(2816K)->2565K(2816K)
[2020-12-01T18:36:37.549-0800][gc           ] GC(1) Pause Young (Concurrent Start) (Metadata GC Threshold) 106M->8M(512M) 6.658ms
[2020-12-01T18:36:37.549-0800][gc,cpu       ] GC(1) User=0.04s Sys=0.00s Real=0.00s
[2020-12-01T18:36:37.549-0800][gc           ] GC(2) Concurrent Cycle
[2020-12-01T18:36:37.549-0800][gc,marking   ] GC(2) Concurrent Clear Claimed Marks
[2020-12-01T18:36:37.549-0800][gc,marking   ] GC(2) Concurrent Clear Claimed Marks 0.041ms
[2020-12-01T18:36:37.549-0800][gc,marking   ] GC(2) Concurrent Scan Root Regions
[2020-12-01T18:36:37.554-0800][gc,marking   ] GC(2) Concurrent Scan Root Regions 4.880ms
[2020-12-01T18:36:37.554-0800][gc,marking   ] GC(2) Concurrent Mark (2.207s)
[2020-12-01T18:36:37.554-0800][gc,marking   ] GC(2) Concurrent Mark From Roots
[2020-12-01T18:36:37.554-0800][gc,task      ] GC(2) Using 2 workers of 2 for marking
[2020-12-01T18:36:37.556-0800][gc,marking   ] GC(2) Concurrent Mark From Roots 1.692ms
[2020-12-01T18:36:37.556-0800][gc,marking   ] GC(2) Concurrent Preclean
[2020-12-01T18:36:37.556-0800][gc,marking   ] GC(2) Concurrent Preclean 0.051ms
[2020-12-01T18:36:37.556-0800][gc,marking   ] GC(2) Concurrent Mark (2.207s, 2.209s) 1.855ms
[2020-12-01T18:36:37.556-0800][gc,start     ] GC(2) Pause Remark
[2020-12-01T18:36:37.557-0800][gc           ] GC(2) Pause Remark 9M->9M(512M) 1.289ms
[2020-12-01T18:36:37.557-0800][gc,cpu       ] GC(2) User=0.01s Sys=0.00s Real=0.00s
[2020-12-01T18:36:37.557-0800][gc,marking   ] GC(2) Concurrent Rebuild Remembered Sets
[2020-12-01T18:36:37.558-0800][gc,marking   ] GC(2) Concurrent Rebuild Remembered Sets 0.637ms
[2020-12-01T18:36:37.558-0800][gc,start     ] GC(2) Pause Cleanup
[2020-12-01T18:36:37.558-0800][gc           ] GC(2) Pause Cleanup 9M->9M(512M) 0.103ms
[2020-12-01T18:36:37.558-0800][gc,cpu       ] GC(2) User=0.00s Sys=0.00s Real=0.00s
[2020-12-01T18:36:37.559-0800][gc,marking   ] GC(2) Concurrent Cleanup for Next Mark
[2020-12-01T18:36:37.562-0800][gc,marking   ] GC(2) Concurrent Cleanup for Next Mark 3.246ms
[2020-12-01T18:36:37.562-0800][gc           ] GC(2) Concurrent Cycle 13.045ms
[2020-12-01T18:36:38.736-0800][gc,start     ] GC(3) Pause Young (Normal) (G1 Evacuation Pause)
[2020-12-01T18:36:38.736-0800][gc,task      ] GC(3) Using 8 workers of 8 for evacuation
[2020-12-01T18:36:38.745-0800][gc,phases    ] GC(3)   Pre Evacuate Collection Set: 0.1ms
[2020-12-01T18:36:38.745-0800][gc,phases    ] GC(3)   Merge Heap Roots: 0.0ms
[2020-12-01T18:36:38.745-0800][gc,phases    ] GC(3)   Evacuate Collection Set: 8.4ms
[2020-12-01T18:36:38.745-0800][gc,phases    ] GC(3)   Post Evacuate Collection Set: 0.8ms
[2020-12-01T18:36:38.745-0800][gc,phases    ] GC(3)   Other: 0.1ms
[2020-12-01T18:36:38.745-0800][gc,heap      ] GC(3) Eden regions: 248->0(244)
[2020-12-01T18:36:38.745-0800][gc,heap      ] GC(3) Survivor regions: 8->12(32)
[2020-12-01T18:36:38.745-0800][gc,heap      ] GC(3) Old regions: 0->0
[2020-12-01T18:36:38.745-0800][gc,heap      ] GC(3) Archive regions: 2->2
[2020-12-01T18:36:38.745-0800][gc,heap      ] GC(3) Humongous regions: 0->0
[2020-12-01T18:36:38.745-0800][gc,metaspace ] GC(3) Metaspace: 23681K(24704K)->23681K(24704K) NonClass: 20787K(21504K)->20787K(21504K) Class: 2893K(3200K)->2893K(3200K)
[2020-12-01T18:36:38.745-0800][gc           ] GC(3) Pause Young (Normal) (G1 Evacuation Pause) 256M->12M(512M) 9.587ms
[2020-12-01T18:36:38.745-0800][gc,cpu       ] GC(3) User=0.07s Sys=0.01s Real=0.01s
[2020-12-01T18:36:39.877-0800][gc,start     ] GC(4) Pause Young (Normal) (G1 Evacuation Pause)
[2020-12-01T18:36:39.877-0800][gc,task      ] GC(4) Using 8 workers of 8 for evacuation
[2020-12-01T18:36:39.888-0800][gc,phases    ] GC(4)   Pre Evacuate Collection Set: 0.0ms
[2020-12-01T18:36:39.888-0800][gc,phases    ] GC(4)   Merge Heap Roots: 0.1ms
[2020-12-01T18:36:39.888-0800][gc,phases    ] GC(4)   Evacuate Collection Set: 9.7ms
[2020-12-01T18:36:39.888-0800][gc,phases    ] GC(4)   Post Evacuate Collection Set: 0.9ms
[2020-12-01T18:36:39.888-0800][gc,phases    ] GC(4)   Other: 0.1ms
[2020-12-01T18:36:39.888-0800][gc,heap      ] GC(4) Eden regions: 244->0(240)
[2020-12-01T18:36:39.888-0800][gc,heap      ] GC(4) Survivor regions: 12->16(32)
[2020-12-01T18:36:39.888-0800][gc,heap      ] GC(4) Old regions: 0->0
[2020-12-01T18:36:39.888-0800][gc,heap      ] GC(4) Archive regions: 2->2
[2020-12-01T18:36:39.888-0800][gc,heap      ] GC(4) Humongous regions: 0->0
[2020-12-01T18:36:39.888-0800][gc,metaspace ] GC(4) Metaspace: 27441K(28416K)->27441K(28416K) NonClass: 24014K(24576K)->24014K(24576K) Class: 3426K(3840K)->3426K(3840K)
[2020-12-01T18:36:39.888-0800][gc           ] GC(4) Pause Young (Normal) (G1 Evacuation Pause) 256M->16M(512M) 11.022ms
[2020-12-01T18:36:39.888-0800][gc,cpu       ] GC(4) User=0.08s Sys=0.00s Real=0.01s
[2020-12-01T18:36:40.856-0800][gc,start     ] GC(5) Pause Young (Concurrent Start) (Metadata GC Threshold)
[2020-12-01T18:36:40.856-0800][gc,task      ] GC(5) Using 8 workers of 8 for evacuation
[2020-12-01T18:36:40.872-0800][gc,phases    ] GC(5)   Pre Evacuate Collection Set: 0.1ms
[2020-12-01T18:36:40.872-0800][gc,phases    ] GC(5)   Merge Heap Roots: 0.0ms
[2020-12-01T18:36:40.872-0800][gc,phases    ] GC(5)   Evacuate Collection Set: 14.8ms
[2020-12-01T18:36:40.872-0800][gc,phases    ] GC(5)   Post Evacuate Collection Set: 1.0ms
[2020-12-01T18:36:40.872-0800][gc,phases    ] GC(5)   Other: 0.2ms
[2020-12-01T18:36:40.872-0800][gc,heap      ] GC(5) Eden regions: 140->0(233)
[2020-12-01T18:36:40.872-0800][gc,heap      ] GC(5) Survivor regions: 16->23(32)
[2020-12-01T18:36:40.872-0800][gc,heap      ] GC(5) Old regions: 0->0
[2020-12-01T18:36:40.872-0800][gc,heap      ] GC(5) Archive regions: 2->2
[2020-12-01T18:36:40.872-0800][gc,heap      ] GC(5) Humongous regions: 0->0
[2020-12-01T18:36:40.872-0800][gc,metaspace ] GC(5) Metaspace: 34774K(35840K)->34774K(35840K) NonClass: 30459K(31104K)->30459K(31104K) Class: 4314K(4736K)->4314K(4736K)
[2020-12-01T18:36:40.872-0800][gc           ] GC(5) Pause Young (Concurrent Start) (Metadata GC Threshold) 156M->23M(512M) 16.238ms
[2020-12-01T18:36:40.872-0800][gc,cpu       ] GC(5) User=0.10s Sys=0.01s Real=0.02s
[2020-12-01T18:36:40.872-0800][gc           ] GC(6) Concurrent Cycle
[2020-12-01T18:36:40.872-0800][gc,marking   ] GC(6) Concurrent Clear Claimed Marks
[2020-12-01T18:36:40.872-0800][gc,marking   ] GC(6) Concurrent Clear Claimed Marks 0.054ms
[2020-12-01T18:36:40.872-0800][gc,marking   ] GC(6) Concurrent Scan Root Regions
[2020-12-01T18:36:40.884-0800][gc,marking   ] GC(6) Concurrent Scan Root Regions 12.204ms
[2020-12-01T18:36:40.884-0800][gc,marking   ] GC(6) Concurrent Mark (5.537s)
[2020-12-01T18:36:40.884-0800][gc,marking   ] GC(6) Concurrent Mark From Roots
[2020-12-01T18:36:40.884-0800][gc,task      ] GC(6) Using 2 workers of 2 for marking
[2020-12-01T18:36:40.886-0800][gc,marking   ] GC(6) Concurrent Mark From Roots 1.463ms
[2020-12-01T18:36:40.886-0800][gc,marking   ] GC(6) Concurrent Preclean
[2020-12-01T18:36:40.886-0800][gc,marking   ] GC(6) Concurrent Preclean 0.038ms
[2020-12-01T18:36:40.886-0800][gc,marking   ] GC(6) Concurrent Mark (5.537s, 5.539s) 1.570ms
[2020-12-01T18:36:40.886-0800][gc,start     ] GC(6) Pause Remark
[2020-12-01T18:36:40.888-0800][gc           ] GC(6) Pause Remark 24M->24M(512M) 1.885ms
[2020-12-01T18:36:40.888-0800][gc,cpu       ] GC(6) User=0.01s Sys=0.00s Real=0.00s
[2020-12-01T18:36:40.888-0800][gc,marking   ] GC(6) Concurrent Rebuild Remembered Sets
[2020-12-01T18:36:40.888-0800][gc,marking   ] GC(6) Concurrent Rebuild Remembered Sets 0.424ms
[2020-12-01T18:36:40.889-0800][gc,start     ] GC(6) Pause Cleanup
[2020-12-01T18:36:40.889-0800][gc           ] GC(6) Pause Cleanup 24M->24M(512M) 0.126ms
[2020-12-01T18:36:40.889-0800][gc,cpu       ] GC(6) User=0.00s Sys=0.00s Real=0.00s
[2020-12-01T18:36:40.889-0800][gc,marking   ] GC(6) Concurrent Cleanup for Next Mark
[2020-12-01T18:36:40.892-0800][gc,marking   ] GC(6) Concurrent Cleanup for Next Mark 3.476ms
[2020-12-01T18:36:40.892-0800][gc           ] GC(6) Concurrent Cycle 20.502ms
[2020-12-01T18:36:42.771-0800][gc,start     ] GC(7) Pause Young (Normal) (G1 Evacuation Pause)
[2020-12-01T18:36:42.771-0800][gc,task      ] GC(7) Using 8 workers of 8 for evacuation
[2020-12-01T18:36:42.790-0800][gc,phases    ] GC(7)   Pre Evacuate Collection Set: 0.1ms
[2020-12-01T18:36:42.790-0800][gc,phases    ] GC(7)   Merge Heap Roots: 0.0ms
[2020-12-01T18:36:42.790-0800][gc,phases    ] GC(7)   Evacuate Collection Set: 17.5ms
[2020-12-01T18:36:42.790-0800][gc,phases    ] GC(7)   Post Evacuate Collection Set: 1.4ms
[2020-12-01T18:36:42.790-0800][gc,phases    ] GC(7)   Other: 0.1ms
[2020-12-01T18:36:42.790-0800][gc,heap      ] GC(7) Eden regions: 233->0(232)
[2020-12-01T18:36:42.790-0800][gc,heap      ] GC(7) Survivor regions: 23->24(32)
[2020-12-01T18:36:42.790-0800][gc,heap      ] GC(7) Old regions: 0->6
[2020-12-01T18:36:42.790-0800][gc,heap      ] GC(7) Archive regions: 2->2
[2020-12-01T18:36:42.790-0800][gc,heap      ] GC(7) Humongous regions: 0->0
[2020-12-01T18:36:42.790-0800][gc,metaspace ] GC(7) Metaspace: 46571K(48128K)->46571K(48128K) NonClass: 40951K(41984K)->40951K(41984K) Class: 5619K(6144K)->5619K(6144K)
[2020-12-01T18:36:42.790-0800][gc           ] GC(7) Pause Young (Normal) (G1 Evacuation Pause) 256M->30M(512M) 19.342ms
[2020-12-01T18:36:42.790-0800][gc,cpu       ] GC(7) User=0.12s Sys=0.01s Real=0.02s
[2020-12-01T18:36:44.385-0800][gc,start     ] GC(8) Pause Young (Concurrent Start) (Metadata GC Threshold)
[2020-12-01T18:36:44.385-0800][gc,task      ] GC(8) Using 8 workers of 8 for evacuation
[2020-12-01T18:36:44.402-0800][gc,phases    ] GC(8)   Pre Evacuate Collection Set: 0.1ms
[2020-12-01T18:36:44.402-0800][gc,phases    ] GC(8)   Merge Heap Roots: 0.1ms
[2020-12-01T18:36:44.402-0800][gc,phases    ] GC(8)   Evacuate Collection Set: 15.1ms
[2020-12-01T18:36:44.402-0800][gc,phases    ] GC(8)   Post Evacuate Collection Set: 1.0ms
[2020-12-01T18:36:44.402-0800][gc,phases    ] GC(8)   Other: 0.2ms
[2020-12-01T18:36:44.402-0800][gc,heap      ] GC(8) Eden regions: 192->0(234)
[2020-12-01T18:36:44.402-0800][gc,heap      ] GC(8) Survivor regions: 24->22(32)
[2020-12-01T18:36:44.402-0800][gc,heap      ] GC(8) Old regions: 6->15
[2020-12-01T18:36:44.402-0800][gc,heap      ] GC(8) Archive regions: 2->2
[2020-12-01T18:36:44.402-0800][gc,heap      ] GC(8) Humongous regions: 5->5
[2020-12-01T18:36:44.402-0800][gc,metaspace ] GC(8) Metaspace: 58625K(60160K)->58625K(60160K) NonClass: 51523K(52480K)->51523K(52480K) Class: 7101K(7680K)->7101K(7680K)
[2020-12-01T18:36:44.402-0800][gc           ] GC(8) Pause Young (Concurrent Start) (Metadata GC Threshold) 226M->42M(512M) 16.649ms
[2020-12-01T18:36:44.402-0800][gc,cpu       ] GC(8) User=0.11s Sys=0.01s Real=0.02s
[2020-12-01T18:36:44.402-0800][gc           ] GC(9) Concurrent Cycle
[2020-12-01T18:36:44.402-0800][gc,marking   ] GC(9) Concurrent Clear Claimed Marks
[2020-12-01T18:36:44.402-0800][gc,marking   ] GC(9) Concurrent Clear Claimed Marks 0.070ms
[2020-12-01T18:36:44.402-0800][gc,marking   ] GC(9) Concurrent Scan Root Regions
[2020-12-01T18:36:44.417-0800][gc,marking   ] GC(9) Concurrent Scan Root Regions 15.211ms
[2020-12-01T18:36:44.417-0800][gc,marking   ] GC(9) Concurrent Mark (9.071s)
[2020-12-01T18:36:44.418-0800][gc,marking   ] GC(9) Concurrent Mark From Roots
[2020-12-01T18:36:44.418-0800][gc,task      ] GC(9) Using 2 workers of 2 for marking
[2020-12-01T18:36:44.427-0800][gc,marking   ] GC(9) Concurrent Mark From Roots 9.158ms
[2020-12-01T18:36:44.427-0800][gc,marking   ] GC(9) Concurrent Preclean
[2020-12-01T18:36:44.427-0800][gc,marking   ] GC(9) Concurrent Preclean 0.049ms
[2020-12-01T18:36:44.427-0800][gc,marking   ] GC(9) Concurrent Mark (9.071s, 9.080s) 9.282ms
[2020-12-01T18:36:44.427-0800][gc,start     ] GC(9) Pause Remark
[2020-12-01T18:36:44.432-0800][gc           ] GC(9) Pause Remark 45M->45M(512M) 5.263ms
[2020-12-01T18:36:44.432-0800][gc,cpu       ] GC(9) User=0.03s Sys=0.00s Real=0.01s
[2020-12-01T18:36:44.432-0800][gc,marking   ] GC(9) Concurrent Rebuild Remembered Sets
[2020-12-01T18:36:44.445-0800][gc,marking   ] GC(9) Concurrent Rebuild Remembered Sets 12.473ms
[2020-12-01T18:36:44.445-0800][gc,start     ] GC(9) Pause Cleanup
[2020-12-01T18:36:44.445-0800][gc           ] GC(9) Pause Cleanup 48M->48M(512M) 0.086ms
[2020-12-01T18:36:44.446-0800][gc,cpu       ] GC(9) User=0.00s Sys=0.00s Real=0.00s
[2020-12-01T18:36:44.446-0800][gc,marking   ] GC(9) Concurrent Cleanup for Next Mark
[2020-12-01T18:36:44.446-0800][gc,marking   ] GC(9) Concurrent Cleanup for Next Mark 0.690ms
[2020-12-01T18:36:44.446-0800][gc           ] GC(9) Concurrent Cycle 44.162ms
[2020-12-01T18:42:20.649-0800][gc,start     ] GC(10) Pause Young (Normal) (G1 Evacuation Pause)
[2020-12-01T18:42:20.649-0800][gc,task      ] GC(10) Using 8 workers of 8 for evacuation
[2020-12-01T18:42:20.664-0800][gc,phases    ] GC(10)   Pre Evacuate Collection Set: 0.1ms
[2020-12-01T18:42:20.664-0800][gc,phases    ] GC(10)   Merge Heap Roots: 0.1ms
[2020-12-01T18:42:20.664-0800][gc,phases    ] GC(10)   Evacuate Collection Set: 13.9ms
[2020-12-01T18:42:20.664-0800][gc,phases    ] GC(10)   Post Evacuate Collection Set: 1.2ms
[2020-12-01T18:42:20.664-0800][gc,phases    ] GC(10)   Other: 0.3ms
[2020-12-01T18:42:20.664-0800][gc,heap      ] GC(10) Eden regions: 234->0(236)
[2020-12-01T18:42:20.664-0800][gc,heap      ] GC(10) Survivor regions: 22->20(32)
[2020-12-01T18:42:20.664-0800][gc,heap      ] GC(10) Old regions: 15->22
[2020-12-01T18:42:20.664-0800][gc,heap      ] GC(10) Archive regions: 2->2
[2020-12-01T18:42:20.664-0800][gc,heap      ] GC(10) Humongous regions: 17->17
[2020-12-01T18:42:20.664-0800][gc,metaspace ] GC(10) Metaspace: 67219K(69324K)->67219K(69324K) NonClass: 59017K(60160K)->59017K(60160K) Class: 8201K(9164K)->8201K(9164K)
[2020-12-01T18:42:20.664-0800][gc           ] GC(10) Pause Young (Normal) (G1 Evacuation Pause) 288M->59M(512M) 15.684ms
[2020-12-01T18:42:20.664-0800][gc,cpu       ] GC(10) User=0.10s Sys=0.01s Real=0.02s
[2020-12-01T18:42:48.336-0800][gc,heap,exit ] Heap
[2020-12-01T18:42:48.336-0800][gc,heap,exit ]  garbage-first heap   total 524288K, used 77980K [0x00000007e0000000, 0x0000000800000000)
[2020-12-01T18:42:48.336-0800][gc,heap,exit ]   region size 1024K, 38 young (38912K), 20 survivors (20480K)
[2020-12-01T18:42:48.336-0800][gc,heap,exit ]  Metaspace       used 67534K, capacity 69307K, committed 69580K, reserved 1110016K
[2020-12-01T18:42:48.336-0800][gc,heap,exit ]   class space    used 8238K, capacity 9090K, committed 9164K, reserved 1048576K
