[2020-12-01T18:48:42.334-0800][gc,heap] Heap region size: 1M
[2020-12-01T18:48:42.334-0800][gc,heap,coops] Heap address: 0x0000000780000000, size: 2048 MB, Compressed Oops mode: Zero based, Oop shift amount: 3
[2020-12-01T18:48:42.355-0800][gc           ] Using G1
[2020-12-01T18:48:42.356-0800][gc,cds       ] Mark closed archive regions in map: [0x00000007bff00000, 0x00000007bff7aff8]
[2020-12-01T18:48:42.356-0800][gc,cds       ] Mark open archive regions in map: [0x00000007bfe00000, 0x00000007bfe50ff8]
[2020-12-01T18:48:42.374-0800][gc           ] Periodic GC disabled
[2020-12-01T18:48:48.275-0800][gc,start     ] GC(0) Pause Young (Normal) (G1 Evacuation Pause)
[2020-12-01T18:48:48.276-0800][gc,task      ] GC(0) Using 8 workers of 8 for evacuation
[2020-12-01T18:48:48.302-0800][gc,phases    ] GC(0)   Pre Evacuate Collection Set: 0.2ms
[2020-12-01T18:48:48.302-0800][gc,phases    ] GC(0)   Merge Heap Roots: 0.2ms
[2020-12-01T18:48:48.302-0800][gc,phases    ] GC(0)   Evacuate Collection Set: 23.6ms
[2020-12-01T18:48:48.302-0800][gc,phases    ] GC(0)   Post Evacuate Collection Set: 2.0ms
[2020-12-01T18:48:48.302-0800][gc,phases    ] GC(0)   Other: 1.1ms
[2020-12-01T18:48:48.302-0800][gc,heap      ] GC(0) Eden regions: 1024->0(1001)
[2020-12-01T18:48:48.302-0800][gc,heap      ] GC(0) Survivor regions: 0->23(128)
[2020-12-01T18:48:48.302-0800][gc,heap      ] GC(0) Old regions: 0->0
[2020-12-01T18:48:48.302-0800][gc,heap      ] GC(0) Archive regions: 2->2
[2020-12-01T18:48:48.302-0800][gc,heap      ] GC(0) Humongous regions: 0->0
[2020-12-01T18:48:48.302-0800][gc,metaspace ] GC(0) Metaspace: 36659K(37888K)->36659K(37888K) NonClass: 32151K(33024K)->32151K(33024K) Class: 4508K(4864K)->4508K(4864K)
[2020-12-01T18:48:48.302-0800][gc           ] GC(0) Pause Young (Normal) (G1 Evacuation Pause) 1024M->23M(2048M) 27.298ms
[2020-12-01T18:48:48.302-0800][gc,cpu       ] GC(0) User=0.14s Sys=0.02s Real=0.03s
[2020-12-01T18:48:51.962-0800][gc,heap,exit ] Heap
[2020-12-01T18:48:51.962-0800][gc,heap,exit ]  garbage-first heap   total 2097152K, used 108229K [0x0000000780000000, 0x0000000800000000)
[2020-12-01T18:48:51.962-0800][gc,heap,exit ]   region size 1024K, 106 young (108544K), 23 survivors (23552K)
[2020-12-01T18:48:51.962-0800][gc,heap,exit ]  Metaspace       used 41990K, capacity 43022K, committed 43264K, reserved 358400K
[2020-12-01T18:48:51.962-0800][gc,heap,exit ]   class space    used 5190K, capacity 5584K, committed 5632K, reserved 319488K
