[2020-12-01T19:56:46.557-0800][gc,heap] Heap region size: 1M
[2020-12-01T19:56:46.557-0800][gc,heap,coops] Heap address: 0x00000007e0000000, size: 512 MB, Compressed Oops mode: Zero based, Oop shift amount: 3
[2020-12-01T19:56:46.563-0800][gc           ] Using G1
[2020-12-01T19:56:46.563-0800][gc,cds       ] Mark closed archive regions in map: [0x00000007fff00000, 0x00000007fff7aff8]
[2020-12-01T19:56:46.563-0800][gc,cds       ] Mark open archive regions in map: [0x00000007ffe00000, 0x00000007ffe50ff8]
[2020-12-01T19:56:46.580-0800][gc           ] Periodic GC disabled
[2020-12-01T19:56:48.159-0800][gc,start     ] GC(0) Pause Young (Normal) (G1 Evacuation Pause)
[2020-12-01T19:56:48.159-0800][gc,task      ] GC(0) Using 8 workers of 8 for evacuation
[2020-12-01T19:56:48.165-0800][gc,phases    ] GC(0)   Pre Evacuate Collection Set: 0.1ms
[2020-12-01T19:56:48.165-0800][gc,phases    ] GC(0)   Merge Heap Roots: 0.1ms
[2020-12-01T19:56:48.165-0800][gc,phases    ] GC(0)   Evacuate Collection Set: 5.2ms
[2020-12-01T19:56:48.165-0800][gc,phases    ] GC(0)   Post Evacuate Collection Set: 0.6ms
[2020-12-01T19:56:48.165-0800][gc,phases    ] GC(0)   Other: 0.7ms
[2020-12-01T19:56:48.165-0800][gc,heap      ] GC(0) Eden regions: 256->0(250)
[2020-12-01T19:56:48.166-0800][gc,heap      ] GC(0) Survivor regions: 0->6(32)
[2020-12-01T19:56:48.166-0800][gc,heap      ] GC(0) Old regions: 0->0
[2020-12-01T19:56:48.166-0800][gc,heap      ] GC(0) Archive regions: 2->2
[2020-12-01T19:56:48.166-0800][gc,heap      ] GC(0) Humongous regions: 0->0
[2020-12-01T19:56:48.166-0800][gc,metaspace ] GC(0) Metaspace: 15285K(15872K)->15285K(15872K) NonClass: 13416K(13824K)->13416K(13824K) Class: 1869K(2048K)->1869K(2048K)
[2020-12-01T19:56:48.166-0800][gc           ] GC(0) Pause Young (Normal) (G1 Evacuation Pause) 256M->6M(512M) 6.730ms
[2020-12-01T19:56:48.166-0800][gc,cpu       ] GC(0) User=0.03s Sys=0.01s Real=0.01s
[2020-12-01T19:56:48.599-0800][gc,start     ] GC(1) Pause Young (Concurrent Start) (Metadata GC Threshold)
[2020-12-01T19:56:48.599-0800][gc,task      ] GC(1) Using 8 workers of 8 for evacuation
[2020-12-01T19:56:48.605-0800][gc,phases    ] GC(1)   Pre Evacuate Collection Set: 0.1ms
[2020-12-01T19:56:48.605-0800][gc,phases    ] GC(1)   Merge Heap Roots: 0.0ms
[2020-12-01T19:56:48.605-0800][gc,phases    ] GC(1)   Evacuate Collection Set: 4.6ms
[2020-12-01T19:56:48.605-0800][gc,phases    ] GC(1)   Post Evacuate Collection Set: 0.6ms
[2020-12-01T19:56:48.605-0800][gc,phases    ] GC(1)   Other: 0.2ms
[2020-12-01T19:56:48.605-0800][gc,heap      ] GC(1) Eden regions: 117->0(248)
[2020-12-01T19:56:48.605-0800][gc,heap      ] GC(1) Survivor regions: 6->8(32)
[2020-12-01T19:56:48.605-0800][gc,heap      ] GC(1) Old regions: 0->0
[2020-12-01T19:56:48.605-0800][gc,heap      ] GC(1) Archive regions: 2->2
[2020-12-01T19:56:48.605-0800][gc,heap      ] GC(1) Humongous regions: 0->0
[2020-12-01T19:56:48.605-0800][gc,metaspace ] GC(1) Metaspace: 20589K(21248K)->20589K(21248K) NonClass: 18017K(18432K)->18017K(18432K) Class: 2571K(2816K)->2571K(2816K)
[2020-12-01T19:56:48.605-0800][gc           ] GC(1) Pause Young (Concurrent Start) (Metadata GC Threshold) 123M->8M(512M) 5.671ms
[2020-12-01T19:56:48.605-0800][gc,cpu       ] GC(1) User=0.03s Sys=0.01s Real=0.01s
[2020-12-01T19:56:48.605-0800][gc           ] GC(2) Concurrent Cycle
[2020-12-01T19:56:48.605-0800][gc,marking   ] GC(2) Concurrent Clear Claimed Marks
[2020-12-01T19:56:48.605-0800][gc,marking   ] GC(2) Concurrent Clear Claimed Marks 0.034ms
[2020-12-01T19:56:48.605-0800][gc,marking   ] GC(2) Concurrent Scan Root Regions
[2020-12-01T19:56:48.609-0800][gc,marking   ] GC(2) Concurrent Scan Root Regions 4.382ms
[2020-12-01T19:56:48.609-0800][gc,marking   ] GC(2) Concurrent Mark (2.059s)
[2020-12-01T19:56:48.609-0800][gc,marking   ] GC(2) Concurrent Mark From Roots
[2020-12-01T19:56:48.609-0800][gc,task      ] GC(2) Using 2 workers of 2 for marking
[2020-12-01T19:56:48.611-0800][gc,marking   ] GC(2) Concurrent Mark From Roots 1.588ms
[2020-12-01T19:56:48.611-0800][gc,marking   ] GC(2) Concurrent Preclean
[2020-12-01T19:56:48.611-0800][gc,marking   ] GC(2) Concurrent Preclean 0.047ms
[2020-12-01T19:56:48.611-0800][gc,marking   ] GC(2) Concurrent Mark (2.059s, 2.061s) 1.742ms
[2020-12-01T19:56:48.611-0800][gc,start     ] GC(2) Pause Remark
[2020-12-01T19:56:48.612-0800][gc           ] GC(2) Pause Remark 9M->9M(512M) 1.145ms
[2020-12-01T19:56:48.612-0800][gc,cpu       ] GC(2) User=0.01s Sys=0.00s Real=0.00s
[2020-12-01T19:56:48.613-0800][gc,marking   ] GC(2) Concurrent Rebuild Remembered Sets
[2020-12-01T19:56:48.613-0800][gc,marking   ] GC(2) Concurrent Rebuild Remembered Sets 0.631ms
[2020-12-01T19:56:48.614-0800][gc,start     ] GC(2) Pause Cleanup
[2020-12-01T19:56:48.614-0800][gc           ] GC(2) Pause Cleanup 9M->9M(512M) 0.085ms
[2020-12-01T19:56:48.614-0800][gc,cpu       ] GC(2) User=0.00s Sys=0.00s Real=0.00s
[2020-12-01T19:56:48.614-0800][gc,marking   ] GC(2) Concurrent Cleanup for Next Mark
[2020-12-01T19:56:48.617-0800][gc,marking   ] GC(2) Concurrent Cleanup for Next Mark 2.854ms
[2020-12-01T19:56:48.617-0800][gc           ] GC(2) Concurrent Cycle 11.943ms
[2020-12-01T19:56:49.933-0800][gc,start     ] GC(3) Pause Young (Normal) (G1 Evacuation Pause)
[2020-12-01T19:56:49.933-0800][gc,task      ] GC(3) Using 8 workers of 8 for evacuation
[2020-12-01T19:56:49.945-0800][gc,phases    ] GC(3)   Pre Evacuate Collection Set: 0.1ms
[2020-12-01T19:56:49.945-0800][gc,phases    ] GC(3)   Merge Heap Roots: 0.1ms
[2020-12-01T19:56:49.945-0800][gc,phases    ] GC(3)   Evacuate Collection Set: 9.0ms
[2020-12-01T19:56:49.945-0800][gc,phases    ] GC(3)   Post Evacuate Collection Set: 2.0ms
[2020-12-01T19:56:49.945-0800][gc,phases    ] GC(3)   Other: 0.2ms
[2020-12-01T19:56:49.945-0800][gc,heap      ] GC(3) Eden regions: 248->0(244)
[2020-12-01T19:56:49.945-0800][gc,heap      ] GC(3) Survivor regions: 8->12(32)
[2020-12-01T19:56:49.945-0800][gc,heap      ] GC(3) Old regions: 0->0
[2020-12-01T19:56:49.945-0800][gc,heap      ] GC(3) Archive regions: 2->2
[2020-12-01T19:56:49.945-0800][gc,heap      ] GC(3) Humongous regions: 0->0
[2020-12-01T19:56:49.945-0800][gc,metaspace ] GC(3) Metaspace: 23626K(24704K)->23626K(24704K) NonClass: 20733K(21504K)->20733K(21504K) Class: 2892K(3200K)->2892K(3200K)
[2020-12-01T19:56:49.945-0800][gc           ] GC(3) Pause Young (Normal) (G1 Evacuation Pause) 256M->12M(512M) 11.600ms
[2020-12-01T19:56:49.945-0800][gc,cpu       ] GC(3) User=0.07s Sys=0.01s Real=0.01s
[2020-12-01T19:56:51.065-0800][gc,start     ] GC(4) Pause Young (Normal) (G1 Evacuation Pause)
[2020-12-01T19:56:51.065-0800][gc,task      ] GC(4) Using 8 workers of 8 for evacuation
[2020-12-01T19:56:51.076-0800][gc,phases    ] GC(4)   Pre Evacuate Collection Set: 0.1ms
[2020-12-01T19:56:51.076-0800][gc,phases    ] GC(4)   Merge Heap Roots: 0.0ms
[2020-12-01T19:56:51.076-0800][gc,phases    ] GC(4)   Evacuate Collection Set: 9.3ms
[2020-12-01T19:56:51.076-0800][gc,phases    ] GC(4)   Post Evacuate Collection Set: 1.2ms
[2020-12-01T19:56:51.076-0800][gc,phases    ] GC(4)   Other: 0.1ms
[2020-12-01T19:56:51.076-0800][gc,heap      ] GC(4) Eden regions: 244->0(240)
[2020-12-01T19:56:51.076-0800][gc,heap      ] GC(4) Survivor regions: 12->16(32)
[2020-12-01T19:56:51.076-0800][gc,heap      ] GC(4) Old regions: 0->0
[2020-12-01T19:56:51.076-0800][gc,heap      ] GC(4) Archive regions: 2->2
[2020-12-01T19:56:51.076-0800][gc,heap      ] GC(4) Humongous regions: 0->0
[2020-12-01T19:56:51.076-0800][gc,metaspace ] GC(4) Metaspace: 27237K(28288K)->27237K(28288K) NonClass: 23832K(24576K)->23832K(24576K) Class: 3405K(3712K)->3405K(3712K)
[2020-12-01T19:56:51.076-0800][gc           ] GC(4) Pause Young (Normal) (G1 Evacuation Pause) 256M->16M(512M) 10.878ms
[2020-12-01T19:56:51.076-0800][gc,cpu       ] GC(4) User=0.06s Sys=0.01s Real=0.01s
[2020-12-01T19:56:52.307-0800][gc,start     ] GC(5) Pause Young (Concurrent Start) (Metadata GC Threshold)
[2020-12-01T19:56:52.307-0800][gc,task      ] GC(5) Using 8 workers of 8 for evacuation
[2020-12-01T19:56:52.319-0800][gc,phases    ] GC(5)   Pre Evacuate Collection Set: 0.1ms
[2020-12-01T19:56:52.319-0800][gc,phases    ] GC(5)   Merge Heap Roots: 0.0ms
[2020-12-01T19:56:52.319-0800][gc,phases    ] GC(5)   Evacuate Collection Set: 11.2ms
[2020-12-01T19:56:52.319-0800][gc,phases    ] GC(5)   Post Evacuate Collection Set: 1.0ms
[2020-12-01T19:56:52.319-0800][gc,phases    ] GC(5)   Other: 0.2ms
[2020-12-01T19:56:52.319-0800][gc,heap      ] GC(5) Eden regions: 143->0(233)
[2020-12-01T19:56:52.319-0800][gc,heap      ] GC(5) Survivor regions: 16->23(32)
[2020-12-01T19:56:52.319-0800][gc,heap      ] GC(5) Old regions: 0->0
[2020-12-01T19:56:52.319-0800][gc,heap      ] GC(5) Archive regions: 2->2
[2020-12-01T19:56:52.319-0800][gc,heap      ] GC(5) Humongous regions: 0->0
[2020-12-01T19:56:52.319-0800][gc,metaspace ] GC(5) Metaspace: 34762K(35840K)->34762K(35840K) NonClass: 30448K(31104K)->30448K(31104K) Class: 4314K(4736K)->4314K(4736K)
[2020-12-01T19:56:52.319-0800][gc           ] GC(5) Pause Young (Concurrent Start) (Metadata GC Threshold) 159M->23M(512M) 12.631ms
[2020-12-01T19:56:52.319-0800][gc,cpu       ] GC(5) User=0.08s Sys=0.00s Real=0.01s
[2020-12-01T19:56:52.319-0800][gc           ] GC(6) Concurrent Cycle
[2020-12-01T19:56:52.319-0800][gc,marking   ] GC(6) Concurrent Clear Claimed Marks
[2020-12-01T19:56:52.319-0800][gc,marking   ] GC(6) Concurrent Clear Claimed Marks 0.055ms
[2020-12-01T19:56:52.319-0800][gc,marking   ] GC(6) Concurrent Scan Root Regions
[2020-12-01T19:56:52.329-0800][gc,marking   ] GC(6) Concurrent Scan Root Regions 9.855ms
[2020-12-01T19:56:52.329-0800][gc,marking   ] GC(6) Concurrent Mark (5.779s)
[2020-12-01T19:56:52.329-0800][gc,marking   ] GC(6) Concurrent Mark From Roots
[2020-12-01T19:56:52.329-0800][gc,task      ] GC(6) Using 2 workers of 2 for marking
[2020-12-01T19:56:52.331-0800][gc,marking   ] GC(6) Concurrent Mark From Roots 1.434ms
[2020-12-01T19:56:52.331-0800][gc,marking   ] GC(6) Concurrent Preclean
[2020-12-01T19:56:52.331-0800][gc,marking   ] GC(6) Concurrent Preclean 0.041ms
[2020-12-01T19:56:52.331-0800][gc,marking   ] GC(6) Concurrent Mark (5.779s, 5.781s) 1.554ms
[2020-12-01T19:56:52.331-0800][gc,start     ] GC(6) Pause Remark
[2020-12-01T19:56:52.333-0800][gc           ] GC(6) Pause Remark 23M->23M(512M) 2.180ms
[2020-12-01T19:56:52.333-0800][gc,cpu       ] GC(6) User=0.02s Sys=0.00s Real=0.00s
[2020-12-01T19:56:52.333-0800][gc,marking   ] GC(6) Concurrent Rebuild Remembered Sets
[2020-12-01T19:56:52.334-0800][gc,marking   ] GC(6) Concurrent Rebuild Remembered Sets 0.462ms
[2020-12-01T19:56:52.334-0800][gc,start     ] GC(6) Pause Cleanup
[2020-12-01T19:56:52.334-0800][gc           ] GC(6) Pause Cleanup 24M->24M(512M) 0.076ms
[2020-12-01T19:56:52.334-0800][gc,cpu       ] GC(6) User=0.00s Sys=0.00s Real=0.00s
[2020-12-01T19:56:52.334-0800][gc,marking   ] GC(6) Concurrent Cleanup for Next Mark
[2020-12-01T19:56:52.337-0800][gc,marking   ] GC(6) Concurrent Cleanup for Next Mark 2.964ms
[2020-12-01T19:56:52.337-0800][gc           ] GC(6) Concurrent Cycle 17.813ms
[2020-12-01T19:56:54.097-0800][gc,start     ] GC(7) Pause Young (Normal) (G1 Evacuation Pause)
[2020-12-01T19:56:54.097-0800][gc,task      ] GC(7) Using 8 workers of 8 for evacuation
[2020-12-01T19:56:54.117-0800][gc,phases    ] GC(7)   Pre Evacuate Collection Set: 0.1ms
[2020-12-01T19:56:54.117-0800][gc,phases    ] GC(7)   Merge Heap Roots: 0.0ms
[2020-12-01T19:56:54.117-0800][gc,phases    ] GC(7)   Evacuate Collection Set: 17.6ms
[2020-12-01T19:56:54.117-0800][gc,phases    ] GC(7)   Post Evacuate Collection Set: 1.7ms
[2020-12-01T19:56:54.117-0800][gc,phases    ] GC(7)   Other: 0.2ms
[2020-12-01T19:56:54.117-0800][gc,heap      ] GC(7) Eden regions: 233->0(234)
[2020-12-01T19:56:54.117-0800][gc,heap      ] GC(7) Survivor regions: 23->22(32)
[2020-12-01T19:56:54.117-0800][gc,heap      ] GC(7) Old regions: 0->8
[2020-12-01T19:56:54.117-0800][gc,heap      ] GC(7) Archive regions: 2->2
[2020-12-01T19:56:54.117-0800][gc,heap      ] GC(7) Humongous regions: 0->0
[2020-12-01T19:56:54.117-0800][gc,metaspace ] GC(7) Metaspace: 46947K(48512K)->46947K(48512K) NonClass: 41256K(42240K)->41256K(42240K) Class: 5690K(6272K)->5690K(6272K)
[2020-12-01T19:56:54.117-0800][gc           ] GC(7) Pause Young (Normal) (G1 Evacuation Pause) 256M->29M(512M) 19.806ms
[2020-12-01T19:56:54.117-0800][gc,cpu       ] GC(7) User=0.12s Sys=0.01s Real=0.02s
[2020-12-01T19:56:55.733-0800][gc,start     ] GC(8) Pause Young (Concurrent Start) (Metadata GC Threshold)
[2020-12-01T19:56:55.733-0800][gc,task      ] GC(8) Using 8 workers of 8 for evacuation
[2020-12-01T19:56:55.752-0800][gc,phases    ] GC(8)   Pre Evacuate Collection Set: 0.1ms
[2020-12-01T19:56:55.752-0800][gc,phases    ] GC(8)   Merge Heap Roots: 0.1ms
[2020-12-01T19:56:55.752-0800][gc,phases    ] GC(8)   Evacuate Collection Set: 17.7ms
[2020-12-01T19:56:55.752-0800][gc,phases    ] GC(8)   Post Evacuate Collection Set: 1.0ms
[2020-12-01T19:56:55.752-0800][gc,phases    ] GC(8)   Other: 0.2ms
[2020-12-01T19:56:55.752-0800][gc,heap      ] GC(8) Eden regions: 184->0(232)
[2020-12-01T19:56:55.752-0800][gc,heap      ] GC(8) Survivor regions: 22->24(32)
[2020-12-01T19:56:55.752-0800][gc,heap      ] GC(8) Old regions: 8->12
[2020-12-01T19:56:55.752-0800][gc,heap      ] GC(8) Archive regions: 2->2
[2020-12-01T19:56:55.752-0800][gc,heap      ] GC(8) Humongous regions: 6->6
[2020-12-01T19:56:55.752-0800][gc,metaspace ] GC(8) Metaspace: 58285K(60160K)->58285K(60160K) NonClass: 51192K(52480K)->51192K(52480K) Class: 7092K(7680K)->7092K(7680K)
[2020-12-01T19:56:55.753-0800][gc           ] GC(8) Pause Young (Concurrent Start) (Metadata GC Threshold) 218M->41M(512M) 19.250ms
[2020-12-01T19:56:55.753-0800][gc,cpu       ] GC(8) User=0.12s Sys=0.00s Real=0.02s
[2020-12-01T19:56:55.753-0800][gc           ] GC(9) Concurrent Cycle
[2020-12-01T19:56:55.753-0800][gc,marking   ] GC(9) Concurrent Clear Claimed Marks
[2020-12-01T19:56:55.753-0800][gc,marking   ] GC(9) Concurrent Clear Claimed Marks 0.076ms
[2020-12-01T19:56:55.753-0800][gc,marking   ] GC(9) Concurrent Scan Root Regions
[2020-12-01T19:56:55.768-0800][gc,marking   ] GC(9) Concurrent Scan Root Regions 15.800ms
[2020-12-01T19:56:55.769-0800][gc,marking   ] GC(9) Concurrent Mark (9.219s)
[2020-12-01T19:56:55.769-0800][gc,marking   ] GC(9) Concurrent Mark From Roots
[2020-12-01T19:56:55.769-0800][gc,task      ] GC(9) Using 2 workers of 2 for marking
[2020-12-01T19:56:55.785-0800][gc,marking   ] GC(9) Concurrent Mark From Roots 16.926ms
[2020-12-01T19:56:55.786-0800][gc,marking   ] GC(9) Concurrent Preclean
[2020-12-01T19:56:55.786-0800][gc,marking   ] GC(9) Concurrent Preclean 0.057ms
[2020-12-01T19:56:55.786-0800][gc,marking   ] GC(9) Concurrent Mark (9.219s, 9.236s) 17.042ms
[2020-12-01T19:56:55.786-0800][gc,start     ] GC(9) Pause Remark
[2020-12-01T19:56:55.793-0800][gc           ] GC(9) Pause Remark 46M->46M(512M) 6.964ms
[2020-12-01T19:56:55.793-0800][gc,cpu       ] GC(9) User=0.04s Sys=0.00s Real=0.01s
[2020-12-01T19:56:55.793-0800][gc,marking   ] GC(9) Concurrent Rebuild Remembered Sets
[2020-12-01T19:56:55.805-0800][gc,marking   ] GC(9) Concurrent Rebuild Remembered Sets 12.580ms
[2020-12-01T19:56:55.806-0800][gc,start     ] GC(9) Pause Cleanup
[2020-12-01T19:56:55.806-0800][gc           ] GC(9) Pause Cleanup 46M->46M(512M) 0.087ms
[2020-12-01T19:56:55.806-0800][gc,cpu       ] GC(9) User=0.00s Sys=0.00s Real=0.00s
[2020-12-01T19:56:55.806-0800][gc,marking   ] GC(9) Concurrent Cleanup for Next Mark
[2020-12-01T19:56:55.807-0800][gc,marking   ] GC(9) Concurrent Cleanup for Next Mark 0.663ms
[2020-12-01T19:56:55.807-0800][gc           ] GC(9) Concurrent Cycle 54.215ms
[2020-12-01T20:00:08.347-0800][gc,start     ] GC(10) Pause Young (Normal) (G1 Evacuation Pause)
[2020-12-01T20:00:08.347-0800][gc,task      ] GC(10) Using 8 workers of 8 for evacuation
[2020-12-01T20:00:08.378-0800][gc,phases    ] GC(10)   Pre Evacuate Collection Set: 0.5ms
[2020-12-01T20:00:08.378-0800][gc,phases    ] GC(10)   Merge Heap Roots: 0.2ms
[2020-12-01T20:00:08.378-0800][gc,phases    ] GC(10)   Evacuate Collection Set: 28.6ms
[2020-12-01T20:00:08.378-0800][gc,phases    ] GC(10)   Post Evacuate Collection Set: 1.3ms
[2020-12-01T20:00:08.378-0800][gc,phases    ] GC(10)   Other: 0.4ms
[2020-12-01T20:00:08.379-0800][gc,heap      ] GC(10) Eden regions: 232->0(237)
[2020-12-01T20:00:08.379-0800][gc,heap      ] GC(10) Survivor regions: 24->19(32)
[2020-12-01T20:00:08.379-0800][gc,heap      ] GC(10) Old regions: 12->21
[2020-12-01T20:00:08.379-0800][gc,heap      ] GC(10) Archive regions: 2->2
[2020-12-01T20:00:08.379-0800][gc,heap      ] GC(10) Humongous regions: 8->8
[2020-12-01T20:00:08.379-0800][gc,metaspace ] GC(10) Metaspace: 67994K(70400K)->67994K(70400K) NonClass: 59629K(60928K)->59629K(60928K) Class: 8365K(9472K)->8365K(9472K)
[2020-12-01T20:00:08.379-0800][gc           ] GC(10) Pause Young (Normal) (G1 Evacuation Pause) 275M->48M(512M) 31.210ms
[2020-12-01T20:00:08.379-0800][gc,cpu       ] GC(10) User=0.11s Sys=0.01s Real=0.03s
[2020-12-01T20:51:26.638-0800][gc,start     ] GC(11) Pause Young (Normal) (G1 Evacuation Pause)
[2020-12-01T20:51:26.639-0800][gc,task      ] GC(11) Using 8 workers of 8 for evacuation
[2020-12-01T20:51:26.674-0800][gc,phases    ] GC(11)   Pre Evacuate Collection Set: 0.5ms
[2020-12-01T20:51:26.674-0800][gc,phases    ] GC(11)   Merge Heap Roots: 0.2ms
[2020-12-01T20:51:26.674-0800][gc,phases    ] GC(11)   Evacuate Collection Set: 32.5ms
[2020-12-01T20:51:26.674-0800][gc,phases    ] GC(11)   Post Evacuate Collection Set: 1.8ms
[2020-12-01T20:51:26.674-0800][gc,phases    ] GC(11)   Other: 0.8ms
[2020-12-01T20:51:26.674-0800][gc,heap      ] GC(11) Eden regions: 237->0(240)
[2020-12-01T20:51:26.674-0800][gc,heap      ] GC(11) Survivor regions: 19->16(32)
[2020-12-01T20:51:26.674-0800][gc,heap      ] GC(11) Old regions: 21->26
[2020-12-01T20:51:26.674-0800][gc,heap      ] GC(11) Archive regions: 2->2
[2020-12-01T20:51:26.674-0800][gc,heap      ] GC(11) Humongous regions: 10->10
[2020-12-01T20:51:26.674-0800][gc,metaspace ] GC(11) Metaspace: 72832K(75520K)->72832K(75520K) NonClass: 64062K(65280K)->64062K(65280K) Class: 8770K(10240K)->8770K(10240K)
[2020-12-01T20:51:26.674-0800][gc           ] GC(11) Pause Young (Normal) (G1 Evacuation Pause) 287M->51M(512M) 35.954ms
[2020-12-01T20:51:26.674-0800][gc,cpu       ] GC(11) User=0.10s Sys=0.12s Real=0.04s
[2020-12-01T21:09:28.054-0800][gc,start     ] GC(12) Pause Young (Normal) (G1 Evacuation Pause)
[2020-12-01T21:09:28.055-0800][gc,task      ] GC(12) Using 8 workers of 8 for evacuation
[2020-12-01T21:09:28.068-0800][gc,phases    ] GC(12)   Pre Evacuate Collection Set: 0.1ms
[2020-12-01T21:09:28.068-0800][gc,phases    ] GC(12)   Merge Heap Roots: 0.1ms
[2020-12-01T21:09:28.068-0800][gc,phases    ] GC(12)   Evacuate Collection Set: 10.4ms
[2020-12-01T21:09:28.068-0800][gc,phases    ] GC(12)   Post Evacuate Collection Set: 1.8ms
[2020-12-01T21:09:28.068-0800][gc,phases    ] GC(12)   Other: 1.6ms
[2020-12-01T21:09:28.068-0800][gc,heap      ] GC(12) Eden regions: 240->0(240)
[2020-12-01T21:09:28.068-0800][gc,heap      ] GC(12) Survivor regions: 16->16(32)
[2020-12-01T21:09:28.068-0800][gc,heap      ] GC(12) Old regions: 26->26
[2020-12-01T21:09:28.068-0800][gc,heap      ] GC(12) Archive regions: 2->2
[2020-12-01T21:09:28.068-0800][gc,heap      ] GC(12) Humongous regions: 10->10
[2020-12-01T21:09:28.068-0800][gc,metaspace ] GC(12) Metaspace: 74316K(77056K)->74316K(77056K) NonClass: 65540K(66816K)->65540K(66816K) Class: 8776K(10240K)->8776K(10240K)
[2020-12-01T21:09:28.068-0800][gc           ] GC(12) Pause Young (Normal) (G1 Evacuation Pause) 291M->52M(512M) 14.186ms
[2020-12-01T21:09:28.068-0800][gc,cpu       ] GC(12) User=0.09s Sys=0.00s Real=0.01s
[2020-12-01T21:13:49.846-0800][gc,start     ] GC(13) Pause Young (Normal) (G1 Evacuation Pause)
[2020-12-01T21:13:49.847-0800][gc,task      ] GC(13) Using 8 workers of 8 for evacuation
[2020-12-01T21:13:49.861-0800][gc,phases    ] GC(13)   Pre Evacuate Collection Set: 0.1ms
[2020-12-01T21:13:49.861-0800][gc,phases    ] GC(13)   Merge Heap Roots: 0.1ms
[2020-12-01T21:13:49.861-0800][gc,phases    ] GC(13)   Evacuate Collection Set: 11.4ms
[2020-12-01T21:13:49.861-0800][gc,phases    ] GC(13)   Post Evacuate Collection Set: 2.2ms
[2020-12-01T21:13:49.861-0800][gc,phases    ] GC(13)   Other: 1.2ms
[2020-12-01T21:13:49.861-0800][gc,heap      ] GC(13) Eden regions: 240->0(240)
[2020-12-01T21:13:49.861-0800][gc,heap      ] GC(13) Survivor regions: 16->16(32)
[2020-12-01T21:13:49.861-0800][gc,heap      ] GC(13) Old regions: 26->26
[2020-12-01T21:13:49.861-0800][gc,heap      ] GC(13) Archive regions: 2->2
[2020-12-01T21:13:49.861-0800][gc,heap      ] GC(13) Humongous regions: 10->10
[2020-12-01T21:13:49.861-0800][gc,metaspace ] GC(13) Metaspace: 74333K(77056K)->74333K(77056K) NonClass: 65556K(66816K)->65556K(66816K) Class: 8776K(10240K)->8776K(10240K)
[2020-12-01T21:13:49.861-0800][gc           ] GC(13) Pause Young (Normal) (G1 Evacuation Pause) 292M->52M(512M) 15.051ms
[2020-12-01T21:13:49.861-0800][gc,cpu       ] GC(13) User=0.08s Sys=0.00s Real=0.02s
[2020-12-01T21:26:18.711-0800][gc,start     ] GC(14) Pause Young (Normal) (G1 Evacuation Pause)
[2020-12-01T21:26:18.712-0800][gc,task      ] GC(14) Using 8 workers of 8 for evacuation
[2020-12-01T21:26:18.725-0800][gc,phases    ] GC(14)   Pre Evacuate Collection Set: 0.1ms
[2020-12-01T21:26:18.725-0800][gc,phases    ] GC(14)   Merge Heap Roots: 0.2ms
[2020-12-01T21:26:18.725-0800][gc,phases    ] GC(14)   Evacuate Collection Set: 10.6ms
[2020-12-01T21:26:18.725-0800][gc,phases    ] GC(14)   Post Evacuate Collection Set: 1.7ms
[2020-12-01T21:26:18.725-0800][gc,phases    ] GC(14)   Other: 1.7ms
[2020-12-01T21:26:18.725-0800][gc,heap      ] GC(14) Eden regions: 240->0(240)
[2020-12-01T21:26:18.725-0800][gc,heap      ] GC(14) Survivor regions: 16->16(32)
[2020-12-01T21:26:18.725-0800][gc,heap      ] GC(14) Old regions: 26->26
[2020-12-01T21:26:18.725-0800][gc,heap      ] GC(14) Archive regions: 2->2
[2020-12-01T21:26:18.725-0800][gc,heap      ] GC(14) Humongous regions: 10->10
[2020-12-01T21:26:18.725-0800][gc,metaspace ] GC(14) Metaspace: 74491K(77312K)->74491K(77312K) NonClass: 65711K(67072K)->65711K(67072K) Class: 8780K(10240K)->8780K(10240K)
[2020-12-01T21:26:18.725-0800][gc           ] GC(14) Pause Young (Normal) (G1 Evacuation Pause) 292M->52M(512M) 14.366ms
[2020-12-01T21:26:18.725-0800][gc,cpu       ] GC(14) User=0.09s Sys=0.00s Real=0.01s
