[2020-12-01T19:33:52.087-0800][gc,heap] Heap region size: 1M
[2020-12-01T19:33:52.087-0800][gc,heap,coops] Heap address: 0x00000007e0000000, size: 512 MB, Compressed Oops mode: Zero based, Oop shift amount: 3
[2020-12-01T19:33:52.092-0800][gc           ] Using G1
[2020-12-01T19:33:52.092-0800][gc,cds       ] Mark closed archive regions in map: [0x00000007fff00000, 0x00000007fff7aff8]
[2020-12-01T19:33:52.092-0800][gc,cds       ] Mark open archive regions in map: [0x00000007ffe00000, 0x00000007ffe50ff8]
[2020-12-01T19:33:52.110-0800][gc           ] Periodic GC disabled
[2020-12-01T19:33:53.625-0800][gc,start     ] GC(0) Pause Young (Normal) (G1 Evacuation Pause)
[2020-12-01T19:33:53.625-0800][gc,task      ] GC(0) Using 8 workers of 8 for evacuation
[2020-12-01T19:33:53.632-0800][gc,phases    ] GC(0)   Pre Evacuate Collection Set: 0.1ms
[2020-12-01T19:33:53.632-0800][gc,phases    ] GC(0)   Merge Heap Roots: 0.0ms
[2020-12-01T19:33:53.633-0800][gc,phases    ] GC(0)   Evacuate Collection Set: 6.3ms
[2020-12-01T19:33:53.633-0800][gc,phases    ] GC(0)   Post Evacuate Collection Set: 0.8ms
[2020-12-01T19:33:53.633-0800][gc,phases    ] GC(0)   Other: 0.7ms
[2020-12-01T19:33:53.633-0800][gc,heap      ] GC(0) Eden regions: 256->0(250)
[2020-12-01T19:33:53.633-0800][gc,heap      ] GC(0) Survivor regions: 0->6(32)
[2020-12-01T19:33:53.633-0800][gc,heap      ] GC(0) Old regions: 0->0
[2020-12-01T19:33:53.633-0800][gc,heap      ] GC(0) Archive regions: 2->2
[2020-12-01T19:33:53.633-0800][gc,heap      ] GC(0) Humongous regions: 0->0
[2020-12-01T19:33:53.633-0800][gc,metaspace ] GC(0) Metaspace: 15088K(15872K)->15088K(15872K) NonClass: 13258K(13824K)->13258K(13824K) Class: 1830K(2048K)->1830K(2048K)
[2020-12-01T19:33:53.633-0800][gc           ] GC(0) Pause Young (Normal) (G1 Evacuation Pause) 256M->6M(512M) 8.044ms
[2020-12-01T19:33:53.633-0800][gc,cpu       ] GC(0) User=0.04s Sys=0.00s Real=0.01s
[2020-12-01T19:33:54.044-0800][gc,start     ] GC(1) Pause Young (Concurrent Start) (Metadata GC Threshold)
[2020-12-01T19:33:54.044-0800][gc,task      ] GC(1) Using 8 workers of 8 for evacuation
[2020-12-01T19:33:54.051-0800][gc,phases    ] GC(1)   Pre Evacuate Collection Set: 0.1ms
[2020-12-01T19:33:54.051-0800][gc,phases    ] GC(1)   Merge Heap Roots: 0.1ms
[2020-12-01T19:33:54.051-0800][gc,phases    ] GC(1)   Evacuate Collection Set: 5.5ms
[2020-12-01T19:33:54.051-0800][gc,phases    ] GC(1)   Post Evacuate Collection Set: 0.8ms
[2020-12-01T19:33:54.051-0800][gc,phases    ] GC(1)   Other: 0.2ms
[2020-12-01T19:33:54.051-0800][gc,heap      ] GC(1) Eden regions: 140->0(248)
[2020-12-01T19:33:54.051-0800][gc,heap      ] GC(1) Survivor regions: 6->8(32)
[2020-12-01T19:33:54.051-0800][gc,heap      ] GC(1) Old regions: 0->0
[2020-12-01T19:33:54.051-0800][gc,heap      ] GC(1) Archive regions: 2->2
[2020-12-01T19:33:54.051-0800][gc,heap      ] GC(1) Humongous regions: 0->0
[2020-12-01T19:33:54.051-0800][gc,metaspace ] GC(1) Metaspace: 20503K(21248K)->20503K(21248K) NonClass: 17957K(18432K)->17957K(18432K) Class: 2546K(2816K)->2546K(2816K)
[2020-12-01T19:33:54.051-0800][gc           ] GC(1) Pause Young (Concurrent Start) (Metadata GC Threshold) 146M->8M(512M) 6.798ms
[2020-12-01T19:33:54.051-0800][gc,cpu       ] GC(1) User=0.03s Sys=0.00s Real=0.01s
[2020-12-01T19:33:54.051-0800][gc           ] GC(2) Concurrent Cycle
[2020-12-01T19:33:54.051-0800][gc,marking   ] GC(2) Concurrent Clear Claimed Marks
[2020-12-01T19:33:54.051-0800][gc,marking   ] GC(2) Concurrent Clear Claimed Marks 0.049ms
[2020-12-01T19:33:54.051-0800][gc,marking   ] GC(2) Concurrent Scan Root Regions
[2020-12-01T19:33:54.054-0800][gc,marking   ] GC(2) Concurrent Scan Root Regions 3.259ms
[2020-12-01T19:33:54.054-0800][gc,marking   ] GC(2) Concurrent Mark (1.975s)
[2020-12-01T19:33:54.054-0800][gc,marking   ] GC(2) Concurrent Mark From Roots
[2020-12-01T19:33:54.054-0800][gc,task      ] GC(2) Using 2 workers of 2 for marking
[2020-12-01T19:33:54.055-0800][gc,marking   ] GC(2) Concurrent Mark From Roots 1.008ms
[2020-12-01T19:33:54.055-0800][gc,marking   ] GC(2) Concurrent Preclean
[2020-12-01T19:33:54.056-0800][gc,marking   ] GC(2) Concurrent Preclean 0.029ms
[2020-12-01T19:33:54.056-0800][gc,marking   ] GC(2) Concurrent Mark (1.975s, 1.976s) 1.096ms
[2020-12-01T19:33:54.056-0800][gc,start     ] GC(2) Pause Remark
[2020-12-01T19:33:54.057-0800][gc           ] GC(2) Pause Remark 10M->10M(512M) 1.186ms
[2020-12-01T19:33:54.057-0800][gc,cpu       ] GC(2) User=0.00s Sys=0.00s Real=0.00s
[2020-12-01T19:33:54.057-0800][gc,marking   ] GC(2) Concurrent Rebuild Remembered Sets
[2020-12-01T19:33:54.057-0800][gc,marking   ] GC(2) Concurrent Rebuild Remembered Sets 0.417ms
[2020-12-01T19:33:54.058-0800][gc,start     ] GC(2) Pause Cleanup
[2020-12-01T19:33:54.058-0800][gc           ] GC(2) Pause Cleanup 10M->10M(512M) 0.084ms
[2020-12-01T19:33:54.058-0800][gc,cpu       ] GC(2) User=0.00s Sys=0.00s Real=0.00s
[2020-12-01T19:33:54.058-0800][gc,marking   ] GC(2) Concurrent Cleanup for Next Mark
[2020-12-01T19:33:54.062-0800][gc,marking   ] GC(2) Concurrent Cleanup for Next Mark 3.990ms
[2020-12-01T19:33:54.062-0800][gc           ] GC(2) Concurrent Cycle 10.851ms
[2020-12-01T19:33:55.078-0800][gc,start     ] GC(3) Pause Young (Normal) (G1 Evacuation Pause)
[2020-12-01T19:33:55.078-0800][gc,task      ] GC(3) Using 8 workers of 8 for evacuation
[2020-12-01T19:33:55.087-0800][gc,phases    ] GC(3)   Pre Evacuate Collection Set: 0.1ms
[2020-12-01T19:33:55.087-0800][gc,phases    ] GC(3)   Merge Heap Roots: 0.1ms
[2020-12-01T19:33:55.087-0800][gc,phases    ] GC(3)   Evacuate Collection Set: 8.0ms
[2020-12-01T19:33:55.087-0800][gc,phases    ] GC(3)   Post Evacuate Collection Set: 0.8ms
[2020-12-01T19:33:55.087-0800][gc,phases    ] GC(3)   Other: 0.2ms
[2020-12-01T19:33:55.087-0800][gc,heap      ] GC(3) Eden regions: 248->0(244)
[2020-12-01T19:33:55.087-0800][gc,heap      ] GC(3) Survivor regions: 8->12(32)
[2020-12-01T19:33:55.087-0800][gc,heap      ] GC(3) Old regions: 0->0
[2020-12-01T19:33:55.087-0800][gc,heap      ] GC(3) Archive regions: 2->2
[2020-12-01T19:33:55.087-0800][gc,heap      ] GC(3) Humongous regions: 0->0
[2020-12-01T19:33:55.087-0800][gc,metaspace ] GC(3) Metaspace: 23706K(24704K)->23706K(24704K) NonClass: 20813K(21504K)->20813K(21504K) Class: 2893K(3200K)->2893K(3200K)
[2020-12-01T19:33:55.087-0800][gc           ] GC(3) Pause Young (Normal) (G1 Evacuation Pause) 256M->12M(512M) 9.219ms
[2020-12-01T19:33:55.087-0800][gc,cpu       ] GC(3) User=0.05s Sys=0.01s Real=0.01s
[2020-12-01T19:33:55.988-0800][gc,start     ] GC(4) Pause Young (Normal) (G1 Evacuation Pause)
[2020-12-01T19:33:55.988-0800][gc,task      ] GC(4) Using 8 workers of 8 for evacuation
[2020-12-01T19:33:55.998-0800][gc,phases    ] GC(4)   Pre Evacuate Collection Set: 0.1ms
[2020-12-01T19:33:55.998-0800][gc,phases    ] GC(4)   Merge Heap Roots: 0.1ms
[2020-12-01T19:33:55.998-0800][gc,phases    ] GC(4)   Evacuate Collection Set: 8.2ms
[2020-12-01T19:33:55.998-0800][gc,phases    ] GC(4)   Post Evacuate Collection Set: 1.0ms
[2020-12-01T19:33:55.998-0800][gc,phases    ] GC(4)   Other: 0.1ms
[2020-12-01T19:33:55.998-0800][gc,heap      ] GC(4) Eden regions: 244->0(241)
[2020-12-01T19:33:55.998-0800][gc,heap      ] GC(4) Survivor regions: 12->15(32)
[2020-12-01T19:33:55.998-0800][gc,heap      ] GC(4) Old regions: 0->0
[2020-12-01T19:33:55.998-0800][gc,heap      ] GC(4) Archive regions: 2->2
[2020-12-01T19:33:55.998-0800][gc,heap      ] GC(4) Humongous regions: 0->0
[2020-12-01T19:33:55.998-0800][gc,metaspace ] GC(4) Metaspace: 25699K(26624K)->25699K(26624K) NonClass: 22525K(23040K)->22525K(23040K) Class: 3174K(3584K)->3174K(3584K)
[2020-12-01T19:33:55.998-0800][gc           ] GC(4) Pause Young (Normal) (G1 Evacuation Pause) 256M->15M(512M) 9.595ms
[2020-12-01T19:33:55.998-0800][gc,cpu       ] GC(4) User=0.06s Sys=0.01s Real=0.01s
[2020-12-01T19:33:57.167-0800][gc,start     ] GC(5) Pause Young (Concurrent Start) (Metadata GC Threshold)
[2020-12-01T19:33:57.168-0800][gc,task      ] GC(5) Using 8 workers of 8 for evacuation
[2020-12-01T19:33:57.180-0800][gc,phases    ] GC(5)   Pre Evacuate Collection Set: 0.1ms
[2020-12-01T19:33:57.180-0800][gc,phases    ] GC(5)   Merge Heap Roots: 0.1ms
[2020-12-01T19:33:57.180-0800][gc,phases    ] GC(5)   Evacuate Collection Set: 11.4ms
[2020-12-01T19:33:57.180-0800][gc,phases    ] GC(5)   Post Evacuate Collection Set: 1.2ms
[2020-12-01T19:33:57.180-0800][gc,phases    ] GC(5)   Other: 0.2ms
[2020-12-01T19:33:57.180-0800][gc,heap      ] GC(5) Eden regions: 195->0(233)
[2020-12-01T19:33:57.180-0800][gc,heap      ] GC(5) Survivor regions: 15->23(32)
[2020-12-01T19:33:57.180-0800][gc,heap      ] GC(5) Old regions: 0->0
[2020-12-01T19:33:57.181-0800][gc,heap      ] GC(5) Archive regions: 2->2
[2020-12-01T19:33:57.181-0800][gc,heap      ] GC(5) Humongous regions: 0->0
[2020-12-01T19:33:57.181-0800][gc,metaspace ] GC(5) Metaspace: 34650K(35840K)->34650K(35840K) NonClass: 30354K(31104K)->30354K(31104K) Class: 4295K(4736K)->4295K(4736K)
[2020-12-01T19:33:57.181-0800][gc           ] GC(5) Pause Young (Concurrent Start) (Metadata GC Threshold) 209M->23M(512M) 13.067ms
[2020-12-01T19:33:57.181-0800][gc,cpu       ] GC(5) User=0.09s Sys=0.01s Real=0.02s
[2020-12-01T19:33:57.181-0800][gc           ] GC(6) Concurrent Cycle
[2020-12-01T19:33:57.181-0800][gc,marking   ] GC(6) Concurrent Clear Claimed Marks
[2020-12-01T19:33:57.181-0800][gc,marking   ] GC(6) Concurrent Clear Claimed Marks 0.045ms
[2020-12-01T19:33:57.181-0800][gc,marking   ] GC(6) Concurrent Scan Root Regions
[2020-12-01T19:33:57.190-0800][gc,marking   ] GC(6) Concurrent Scan Root Regions 9.474ms
[2020-12-01T19:33:57.190-0800][gc,marking   ] GC(6) Concurrent Mark (5.111s)
[2020-12-01T19:33:57.190-0800][gc,marking   ] GC(6) Concurrent Mark From Roots
[2020-12-01T19:33:57.190-0800][gc,task      ] GC(6) Using 2 workers of 2 for marking
[2020-12-01T19:33:57.191-0800][gc,marking   ] GC(6) Concurrent Mark From Roots 0.844ms
[2020-12-01T19:33:57.191-0800][gc,marking   ] GC(6) Concurrent Preclean
[2020-12-01T19:33:57.191-0800][gc,marking   ] GC(6) Concurrent Preclean 0.037ms
[2020-12-01T19:33:57.191-0800][gc,marking   ] GC(6) Concurrent Mark (5.111s, 5.112s) 0.982ms
[2020-12-01T19:33:57.191-0800][gc,start     ] GC(6) Pause Remark
[2020-12-01T19:33:57.194-0800][gc           ] GC(6) Pause Remark 24M->24M(512M) 2.033ms
[2020-12-01T19:33:57.194-0800][gc,cpu       ] GC(6) User=0.01s Sys=0.00s Real=0.00s
[2020-12-01T19:33:57.194-0800][gc,marking   ] GC(6) Concurrent Rebuild Remembered Sets
[2020-12-01T19:33:57.194-0800][gc,marking   ] GC(6) Concurrent Rebuild Remembered Sets 0.445ms
[2020-12-01T19:33:57.194-0800][gc,start     ] GC(6) Pause Cleanup
[2020-12-01T19:33:57.194-0800][gc           ] GC(6) Pause Cleanup 24M->24M(512M) 0.093ms
[2020-12-01T19:33:57.194-0800][gc,cpu       ] GC(6) User=0.00s Sys=0.00s Real=0.00s
[2020-12-01T19:33:57.194-0800][gc,marking   ] GC(6) Concurrent Cleanup for Next Mark
[2020-12-01T19:33:57.198-0800][gc,marking   ] GC(6) Concurrent Cleanup for Next Mark 3.427ms
[2020-12-01T19:33:57.198-0800][gc           ] GC(6) Concurrent Cycle 17.322ms
[2020-12-01T19:34:02.514-0800][gc,heap,exit ] Heap
[2020-12-01T19:34:02.514-0800][gc,heap,exit ]  garbage-first heap   total 524288K, used 197053K [0x00000007e0000000, 0x0000000800000000)
[2020-12-01T19:34:02.514-0800][gc,heap,exit ]   region size 1024K, 193 young (197632K), 23 survivors (23552K)
[2020-12-01T19:34:02.514-0800][gc,heap,exit ]  Metaspace       used 44753K, capacity 45840K, committed 46208K, reserved 1089536K
[2020-12-01T19:34:02.514-0800][gc,heap,exit ]   class space    used 5521K, capacity 5905K, committed 6016K, reserved 1048576K
