[2020-12-01T18:33:24.840-0800][gc,heap] Heap region size: 1M
[2020-12-01T18:33:24.841-0800][gc,heap,coops] Heap address: 0x0000000780000000, size: 2048 MB, Compressed Oops mode: Zero based, Oop shift amount: 3
[2020-12-01T18:33:24.861-0800][gc           ] Using G1
[2020-12-01T18:33:24.862-0800][gc,cds       ] Mark closed archive regions in map: [0x00000007bff00000, 0x00000007bff7aff8]
[2020-12-01T18:33:24.862-0800][gc,cds       ] Mark open archive regions in map: [0x00000007bfe00000, 0x00000007bfe50ff8]
[2020-12-01T18:33:24.879-0800][gc           ] Periodic GC disabled
[2020-12-01T18:33:31.785-0800][gc,start     ] GC(0) Pause Young (Normal) (G1 Evacuation Pause)
[2020-12-01T18:33:31.786-0800][gc,task      ] GC(0) Using 8 workers of 8 for evacuation
[2020-12-01T18:33:31.813-0800][gc,phases    ] GC(0)   Pre Evacuate Collection Set: 0.5ms
[2020-12-01T18:33:31.813-0800][gc,phases    ] GC(0)   Merge Heap Roots: 0.1ms
[2020-12-01T18:33:31.813-0800][gc,phases    ] GC(0)   Evacuate Collection Set: 22.8ms
[2020-12-01T18:33:31.813-0800][gc,phases    ] GC(0)   Post Evacuate Collection Set: 2.5ms
[2020-12-01T18:33:31.813-0800][gc,phases    ] GC(0)   Other: 2.0ms
[2020-12-01T18:33:31.813-0800][gc,heap      ] GC(0) Eden regions: 1024->0(1001)
[2020-12-01T18:33:31.813-0800][gc,heap      ] GC(0) Survivor regions: 0->23(128)
[2020-12-01T18:33:31.814-0800][gc,heap      ] GC(0) Old regions: 0->0
[2020-12-01T18:33:31.814-0800][gc,heap      ] GC(0) Archive regions: 2->2
[2020-12-01T18:33:31.814-0800][gc,heap      ] GC(0) Humongous regions: 0->0
[2020-12-01T18:33:31.814-0800][gc,metaspace ] GC(0) Metaspace: 36249K(37376K)->36249K(37376K) NonClass: 31794K(32512K)->31794K(32512K) Class: 4454K(4864K)->4454K(4864K)
[2020-12-01T18:33:31.814-0800][gc           ] GC(0) Pause Young (Normal) (G1 Evacuation Pause) 1024M->23M(2048M) 28.482ms
[2020-12-01T18:33:31.814-0800][gc,cpu       ] GC(0) User=0.14s Sys=0.02s Real=0.03s
[2020-12-01T18:33:35.719-0800][gc,heap,exit ] Heap
[2020-12-01T18:33:35.719-0800][gc,heap,exit ]  garbage-first heap   total 2097152K, used 119191K [0x0000000780000000, 0x0000000800000000)
[2020-12-01T18:33:35.719-0800][gc,heap,exit ]   region size 1024K, 117 young (119808K), 23 survivors (23552K)
[2020-12-01T18:33:35.719-0800][gc,heap,exit ]  Metaspace       used 42032K, capacity 43156K, committed 43520K, reserved 358400K
[2020-12-01T18:33:35.719-0800][gc,heap,exit ]   class space    used 5197K, capacity 5584K, committed 5632K, reserved 319488K
