[2020-12-01T19:56:28.957-0800][gc,heap] Heap region size: 1M
[2020-12-01T19:56:28.958-0800][gc,heap,coops] Heap address: 0x00000007e0000000, size: 512 MB, Compressed Oops mode: Zero based, Oop shift amount: 3
[2020-12-01T19:56:28.963-0800][gc           ] Using G1
[2020-12-01T19:56:28.963-0800][gc,cds       ] Mark closed archive regions in map: [0x00000007fff00000, 0x00000007fff7aff8]
[2020-12-01T19:56:28.963-0800][gc,cds       ] Mark open archive regions in map: [0x00000007ffe00000, 0x00000007ffe50ff8]
[2020-12-01T19:56:28.981-0800][gc           ] Periodic GC disabled
[2020-12-01T19:56:30.616-0800][gc,start     ] GC(0) Pause Young (Normal) (G1 Evacuation Pause)
[2020-12-01T19:56:30.617-0800][gc,task      ] GC(0) Using 8 workers of 8 for evacuation
[2020-12-01T19:56:30.624-0800][gc,phases    ] GC(0)   Pre Evacuate Collection Set: 0.1ms
[2020-12-01T19:56:30.624-0800][gc,phases    ] GC(0)   Merge Heap Roots: 0.1ms
[2020-12-01T19:56:30.624-0800][gc,phases    ] GC(0)   Evacuate Collection Set: 5.9ms
[2020-12-01T19:56:30.624-0800][gc,phases    ] GC(0)   Post Evacuate Collection Set: 0.8ms
[2020-12-01T19:56:30.624-0800][gc,phases    ] GC(0)   Other: 0.8ms
[2020-12-01T19:56:30.624-0800][gc,heap      ] GC(0) Eden regions: 256->0(249)
[2020-12-01T19:56:30.624-0800][gc,heap      ] GC(0) Survivor regions: 0->7(32)
[2020-12-01T19:56:30.624-0800][gc,heap      ] GC(0) Old regions: 0->0
[2020-12-01T19:56:30.624-0800][gc,heap      ] GC(0) Archive regions: 2->2
[2020-12-01T19:56:30.624-0800][gc,heap      ] GC(0) Humongous regions: 0->0
[2020-12-01T19:56:30.624-0800][gc,metaspace ] GC(0) Metaspace: 15578K(16256K)->15578K(16256K) NonClass: 13691K(14080K)->13691K(14080K) Class: 1886K(2176K)->1886K(2176K)
[2020-12-01T19:56:30.624-0800][gc           ] GC(0) Pause Young (Normal) (G1 Evacuation Pause) 256M->6M(512M) 7.836ms
[2020-12-01T19:56:30.624-0800][gc,cpu       ] GC(0) User=0.04s Sys=0.01s Real=0.01s
[2020-12-01T19:56:30.971-0800][gc,start     ] GC(1) Pause Young (Concurrent Start) (Metadata GC Threshold)
[2020-12-01T19:56:30.972-0800][gc,task      ] GC(1) Using 8 workers of 8 for evacuation
[2020-12-01T19:56:30.977-0800][gc,phases    ] GC(1)   Pre Evacuate Collection Set: 0.1ms
[2020-12-01T19:56:30.977-0800][gc,phases    ] GC(1)   Merge Heap Roots: 0.0ms
[2020-12-01T19:56:30.977-0800][gc,phases    ] GC(1)   Evacuate Collection Set: 4.9ms
[2020-12-01T19:56:30.977-0800][gc,phases    ] GC(1)   Post Evacuate Collection Set: 0.6ms
[2020-12-01T19:56:30.977-0800][gc,phases    ] GC(1)   Other: 0.2ms
[2020-12-01T19:56:30.977-0800][gc,heap      ] GC(1) Eden regions: 95->0(248)
[2020-12-01T19:56:30.977-0800][gc,heap      ] GC(1) Survivor regions: 7->8(32)
[2020-12-01T19:56:30.977-0800][gc,heap      ] GC(1) Old regions: 0->0
[2020-12-01T19:56:30.977-0800][gc,heap      ] GC(1) Archive regions: 2->2
[2020-12-01T19:56:30.977-0800][gc,heap      ] GC(1) Humongous regions: 0->0
[2020-12-01T19:56:30.977-0800][gc,metaspace ] GC(1) Metaspace: 20629K(21248K)->20629K(21248K) NonClass: 18063K(18432K)->18063K(18432K) Class: 2566K(2816K)->2566K(2816K)
[2020-12-01T19:56:30.977-0800][gc           ] GC(1) Pause Young (Concurrent Start) (Metadata GC Threshold) 101M->8M(512M) 6.008ms
[2020-12-01T19:56:30.978-0800][gc,cpu       ] GC(1) User=0.04s Sys=0.00s Real=0.00s
[2020-12-01T19:56:30.978-0800][gc           ] GC(2) Concurrent Cycle
[2020-12-01T19:56:30.978-0800][gc,marking   ] GC(2) Concurrent Clear Claimed Marks
[2020-12-01T19:56:30.978-0800][gc,marking   ] GC(2) Concurrent Clear Claimed Marks 0.047ms
[2020-12-01T19:56:30.978-0800][gc,marking   ] GC(2) Concurrent Scan Root Regions
[2020-12-01T19:56:30.982-0800][gc,marking   ] GC(2) Concurrent Scan Root Regions 4.071ms
[2020-12-01T19:56:30.982-0800][gc,marking   ] GC(2) Concurrent Mark (2.032s)
[2020-12-01T19:56:30.982-0800][gc,marking   ] GC(2) Concurrent Mark From Roots
[2020-12-01T19:56:30.982-0800][gc,task      ] GC(2) Using 2 workers of 2 for marking
[2020-12-01T19:56:30.983-0800][gc,marking   ] GC(2) Concurrent Mark From Roots 0.925ms
[2020-12-01T19:56:30.983-0800][gc,marking   ] GC(2) Concurrent Preclean
[2020-12-01T19:56:30.983-0800][gc,marking   ] GC(2) Concurrent Preclean 0.028ms
[2020-12-01T19:56:30.983-0800][gc,marking   ] GC(2) Concurrent Mark (2.032s, 2.033s) 1.020ms
[2020-12-01T19:56:30.983-0800][gc,start     ] GC(2) Pause Remark
[2020-12-01T19:56:30.984-0800][gc           ] GC(2) Pause Remark 9M->9M(512M) 1.184ms
[2020-12-01T19:56:30.984-0800][gc,cpu       ] GC(2) User=0.00s Sys=0.00s Real=0.00s
[2020-12-01T19:56:30.984-0800][gc,marking   ] GC(2) Concurrent Rebuild Remembered Sets
[2020-12-01T19:56:30.985-0800][gc,marking   ] GC(2) Concurrent Rebuild Remembered Sets 0.435ms
[2020-12-01T19:56:30.985-0800][gc,start     ] GC(2) Pause Cleanup
[2020-12-01T19:56:30.985-0800][gc           ] GC(2) Pause Cleanup 9M->9M(512M) 0.074ms
[2020-12-01T19:56:30.985-0800][gc,cpu       ] GC(2) User=0.00s Sys=0.00s Real=0.00s
[2020-12-01T19:56:30.985-0800][gc,marking   ] GC(2) Concurrent Cleanup for Next Mark
[2020-12-01T19:56:30.988-0800][gc,marking   ] GC(2) Concurrent Cleanup for Next Mark 3.253ms
[2020-12-01T19:56:30.988-0800][gc           ] GC(2) Concurrent Cycle 10.746ms
[2020-12-01T19:56:32.070-0800][gc,start     ] GC(3) Pause Young (Normal) (G1 Evacuation Pause)
[2020-12-01T19:56:32.070-0800][gc,task      ] GC(3) Using 8 workers of 8 for evacuation
[2020-12-01T19:56:32.079-0800][gc,phases    ] GC(3)   Pre Evacuate Collection Set: 0.1ms
[2020-12-01T19:56:32.079-0800][gc,phases    ] GC(3)   Merge Heap Roots: 0.0ms
[2020-12-01T19:56:32.079-0800][gc,phases    ] GC(3)   Evacuate Collection Set: 7.3ms
[2020-12-01T19:56:32.079-0800][gc,phases    ] GC(3)   Post Evacuate Collection Set: 0.8ms
[2020-12-01T19:56:32.079-0800][gc,phases    ] GC(3)   Other: 0.2ms
[2020-12-01T19:56:32.079-0800][gc,heap      ] GC(3) Eden regions: 248->0(243)
[2020-12-01T19:56:32.079-0800][gc,heap      ] GC(3) Survivor regions: 8->13(32)
[2020-12-01T19:56:32.079-0800][gc,heap      ] GC(3) Old regions: 0->0
[2020-12-01T19:56:32.079-0800][gc,heap      ] GC(3) Archive regions: 2->2
[2020-12-01T19:56:32.079-0800][gc,heap      ] GC(3) Humongous regions: 0->0
[2020-12-01T19:56:32.079-0800][gc,metaspace ] GC(3) Metaspace: 23705K(24704K)->23705K(24704K) NonClass: 20811K(21504K)->20811K(21504K) Class: 2894K(3200K)->2894K(3200K)
[2020-12-01T19:56:32.079-0800][gc           ] GC(3) Pause Young (Normal) (G1 Evacuation Pause) 256M->12M(512M) 8.434ms
[2020-12-01T19:56:32.079-0800][gc,cpu       ] GC(3) User=0.04s Sys=0.01s Real=0.00s
[2020-12-01T19:56:32.835-0800][gc,start     ] GC(4) Pause Young (Normal) (G1 Evacuation Pause)
[2020-12-01T19:56:32.835-0800][gc,task      ] GC(4) Using 8 workers of 8 for evacuation
[2020-12-01T19:56:32.844-0800][gc,phases    ] GC(4)   Pre Evacuate Collection Set: 0.1ms
[2020-12-01T19:56:32.844-0800][gc,phases    ] GC(4)   Merge Heap Roots: 0.0ms
[2020-12-01T19:56:32.844-0800][gc,phases    ] GC(4)   Evacuate Collection Set: 7.4ms
[2020-12-01T19:56:32.844-0800][gc,phases    ] GC(4)   Post Evacuate Collection Set: 1.0ms
[2020-12-01T19:56:32.844-0800][gc,phases    ] GC(4)   Other: 0.1ms
[2020-12-01T19:56:32.844-0800][gc,heap      ] GC(4) Eden regions: 243->0(241)
[2020-12-01T19:56:32.844-0800][gc,heap      ] GC(4) Survivor regions: 13->15(32)
[2020-12-01T19:56:32.844-0800][gc,heap      ] GC(4) Old regions: 0->0
[2020-12-01T19:56:32.844-0800][gc,heap      ] GC(4) Archive regions: 2->2
[2020-12-01T19:56:32.844-0800][gc,heap      ] GC(4) Humongous regions: 0->0
[2020-12-01T19:56:32.844-0800][gc,metaspace ] GC(4) Metaspace: 25090K(25984K)->25090K(25984K) NonClass: 22006K(22528K)->22006K(22528K) Class: 3084K(3456K)->3084K(3456K)
[2020-12-01T19:56:32.844-0800][gc           ] GC(4) Pause Young (Normal) (G1 Evacuation Pause) 255M->15M(512M) 8.827ms
[2020-12-01T19:56:32.844-0800][gc,cpu       ] GC(4) User=0.05s Sys=0.00s Real=0.01s
[2020-12-01T19:56:34.097-0800][gc,start     ] GC(5) Pause Young (Concurrent Start) (Metadata GC Threshold)
[2020-12-01T19:56:34.097-0800][gc,task      ] GC(5) Using 8 workers of 8 for evacuation
[2020-12-01T19:56:34.111-0800][gc,phases    ] GC(5)   Pre Evacuate Collection Set: 0.1ms
[2020-12-01T19:56:34.111-0800][gc,phases    ] GC(5)   Merge Heap Roots: 0.1ms
[2020-12-01T19:56:34.111-0800][gc,phases    ] GC(5)   Evacuate Collection Set: 12.1ms
[2020-12-01T19:56:34.111-0800][gc,phases    ] GC(5)   Post Evacuate Collection Set: 1.2ms
[2020-12-01T19:56:34.111-0800][gc,phases    ] GC(5)   Other: 0.2ms
[2020-12-01T19:56:34.111-0800][gc,heap      ] GC(5) Eden regions: 226->0(233)
[2020-12-01T19:56:34.111-0800][gc,heap      ] GC(5) Survivor regions: 15->23(32)
[2020-12-01T19:56:34.111-0800][gc,heap      ] GC(5) Old regions: 0->0
[2020-12-01T19:56:34.111-0800][gc,heap      ] GC(5) Archive regions: 2->2
[2020-12-01T19:56:34.111-0800][gc,heap      ] GC(5) Humongous regions: 0->0
[2020-12-01T19:56:34.111-0800][gc,metaspace ] GC(5) Metaspace: 34650K(35840K)->34650K(35840K) NonClass: 30354K(31104K)->30354K(31104K) Class: 4296K(4736K)->4296K(4736K)
[2020-12-01T19:56:34.111-0800][gc           ] GC(5) Pause Young (Concurrent Start) (Metadata GC Threshold) 240M->23M(512M) 13.828ms
[2020-12-01T19:56:34.111-0800][gc,cpu       ] GC(5) User=0.08s Sys=0.00s Real=0.02s
[2020-12-01T19:56:34.111-0800][gc           ] GC(6) Concurrent Cycle
[2020-12-01T19:56:34.111-0800][gc,marking   ] GC(6) Concurrent Clear Claimed Marks
[2020-12-01T19:56:34.111-0800][gc,marking   ] GC(6) Concurrent Clear Claimed Marks 0.062ms
[2020-12-01T19:56:34.111-0800][gc,marking   ] GC(6) Concurrent Scan Root Regions
[2020-12-01T19:56:34.119-0800][gc,marking   ] GC(6) Concurrent Scan Root Regions 7.950ms
[2020-12-01T19:56:34.119-0800][gc,marking   ] GC(6) Concurrent Mark (5.170s)
[2020-12-01T19:56:34.119-0800][gc,marking   ] GC(6) Concurrent Mark From Roots
[2020-12-01T19:56:34.119-0800][gc,task      ] GC(6) Using 2 workers of 2 for marking
[2020-12-01T19:56:34.120-0800][gc,marking   ] GC(6) Concurrent Mark From Roots 0.998ms
[2020-12-01T19:56:34.120-0800][gc,marking   ] GC(6) Concurrent Preclean
[2020-12-01T19:56:34.121-0800][gc,marking   ] GC(6) Concurrent Preclean 0.025ms
[2020-12-01T19:56:34.121-0800][gc,marking   ] GC(6) Concurrent Mark (5.170s, 5.171s) 1.073ms
[2020-12-01T19:56:34.121-0800][gc,start     ] GC(6) Pause Remark
[2020-12-01T19:56:34.122-0800][gc           ] GC(6) Pause Remark 24M->24M(512M) 1.796ms
[2020-12-01T19:56:34.122-0800][gc,cpu       ] GC(6) User=0.02s Sys=0.00s Real=0.00s
[2020-12-01T19:56:34.122-0800][gc,marking   ] GC(6) Concurrent Rebuild Remembered Sets
[2020-12-01T19:56:34.123-0800][gc,marking   ] GC(6) Concurrent Rebuild Remembered Sets 0.403ms
[2020-12-01T19:56:34.123-0800][gc,start     ] GC(6) Pause Cleanup
[2020-12-01T19:56:34.123-0800][gc           ] GC(6) Pause Cleanup 24M->24M(512M) 0.086ms
[2020-12-01T19:56:34.123-0800][gc,cpu       ] GC(6) User=0.00s Sys=0.00s Real=0.00s
[2020-12-01T19:56:34.123-0800][gc,marking   ] GC(6) Concurrent Cleanup for Next Mark
[2020-12-01T19:56:34.126-0800][gc,marking   ] GC(6) Concurrent Cleanup for Next Mark 2.671ms
[2020-12-01T19:56:34.126-0800][gc           ] GC(6) Concurrent Cycle 14.640ms
[2020-12-01T19:56:39.362-0800][gc,heap,exit ] Heap
[2020-12-01T19:56:39.362-0800][gc,heap,exit ]  garbage-first heap   total 524288K, used 196013K [0x00000007e0000000, 0x0000000800000000)
[2020-12-01T19:56:39.362-0800][gc,heap,exit ]   region size 1024K, 192 young (196608K), 23 survivors (23552K)
[2020-12-01T19:56:39.362-0800][gc,heap,exit ]  Metaspace       used 44863K, capacity 45997K, committed 46464K, reserved 1089536K
[2020-12-01T19:56:39.362-0800][gc,heap,exit ]   class space    used 5536K, capacity 5936K, committed 6016K, reserved 1048576K
