[2020-12-01T19:18:25.762-0800][gc,heap] Heap region size: 1M
[2020-12-01T19:18:25.762-0800][gc,heap,coops] Heap address: 0x00000007e0000000, size: 512 MB, Compressed Oops mode: Zero based, Oop shift amount: 3
[2020-12-01T19:18:25.767-0800][gc           ] Using G1
[2020-12-01T19:18:25.767-0800][gc,cds       ] Mark closed archive regions in map: [0x00000007fff00000, 0x00000007fff7aff8]
[2020-12-01T19:18:25.767-0800][gc,cds       ] Mark open archive regions in map: [0x00000007ffe00000, 0x00000007ffe50ff8]
[2020-12-01T19:18:25.787-0800][gc           ] Periodic GC disabled
[2020-12-01T19:18:27.306-0800][gc,start     ] GC(0) Pause Young (Normal) (G1 Evacuation Pause)
[2020-12-01T19:18:27.307-0800][gc,task      ] GC(0) Using 8 workers of 8 for evacuation
[2020-12-01T19:18:27.314-0800][gc,phases    ] GC(0)   Pre Evacuate Collection Set: 0.1ms
[2020-12-01T19:18:27.314-0800][gc,phases    ] GC(0)   Merge Heap Roots: 0.0ms
[2020-12-01T19:18:27.314-0800][gc,phases    ] GC(0)   Evacuate Collection Set: 6.3ms
[2020-12-01T19:18:27.314-0800][gc,phases    ] GC(0)   Post Evacuate Collection Set: 0.7ms
[2020-12-01T19:18:27.314-0800][gc,phases    ] GC(0)   Other: 0.6ms
[2020-12-01T19:18:27.314-0800][gc,heap      ] GC(0) Eden regions: 256->0(250)
[2020-12-01T19:18:27.314-0800][gc,heap      ] GC(0) Survivor regions: 0->6(32)
[2020-12-01T19:18:27.314-0800][gc,heap      ] GC(0) Old regions: 0->0
[2020-12-01T19:18:27.314-0800][gc,heap      ] GC(0) Archive regions: 2->2
[2020-12-01T19:18:27.314-0800][gc,heap      ] GC(0) Humongous regions: 0->0
[2020-12-01T19:18:27.314-0800][gc,metaspace ] GC(0) Metaspace: 14913K(15616K)->14913K(15616K) NonClass: 13105K(13568K)->13105K(13568K) Class: 1807K(2048K)->1807K(2048K)
[2020-12-01T19:18:27.314-0800][gc           ] GC(0) Pause Young (Normal) (G1 Evacuation Pause) 256M->6M(512M) 8.101ms
[2020-12-01T19:18:27.315-0800][gc,cpu       ] GC(0) User=0.04s Sys=0.01s Real=0.01s
[2020-12-01T19:18:27.756-0800][gc,start     ] GC(1) Pause Young (Concurrent Start) (Metadata GC Threshold)
[2020-12-01T19:18:27.756-0800][gc,task      ] GC(1) Using 8 workers of 8 for evacuation
[2020-12-01T19:18:27.762-0800][gc,phases    ] GC(1)   Pre Evacuate Collection Set: 0.1ms
[2020-12-01T19:18:27.762-0800][gc,phases    ] GC(1)   Merge Heap Roots: 0.1ms
[2020-12-01T19:18:27.762-0800][gc,phases    ] GC(1)   Evacuate Collection Set: 4.9ms
[2020-12-01T19:18:27.762-0800][gc,phases    ] GC(1)   Post Evacuate Collection Set: 0.7ms
[2020-12-01T19:18:27.762-0800][gc,phases    ] GC(1)   Other: 0.2ms
[2020-12-01T19:18:27.762-0800][gc,heap      ] GC(1) Eden regions: 140->0(248)
[2020-12-01T19:18:27.762-0800][gc,heap      ] GC(1) Survivor regions: 6->8(32)
[2020-12-01T19:18:27.762-0800][gc,heap      ] GC(1) Old regions: 0->0
[2020-12-01T19:18:27.762-0800][gc,heap      ] GC(1) Archive regions: 2->2
[2020-12-01T19:18:27.762-0800][gc,heap      ] GC(1) Humongous regions: 0->0
[2020-12-01T19:18:27.762-0800][gc,metaspace ] GC(1) Metaspace: 20547K(21248K)->20547K(21248K) NonClass: 17991K(18432K)->17991K(18432K) Class: 2555K(2816K)->2555K(2816K)
[2020-12-01T19:18:27.762-0800][gc           ] GC(1) Pause Young (Concurrent Start) (Metadata GC Threshold) 146M->8M(512M) 6.089ms
[2020-12-01T19:18:27.762-0800][gc,cpu       ] GC(1) User=0.03s Sys=0.01s Real=0.01s
[2020-12-01T19:18:27.762-0800][gc           ] GC(2) Concurrent Cycle
[2020-12-01T19:18:27.762-0800][gc,marking   ] GC(2) Concurrent Clear Claimed Marks
[2020-12-01T19:18:27.762-0800][gc,marking   ] GC(2) Concurrent Clear Claimed Marks 0.043ms
[2020-12-01T19:18:27.762-0800][gc,marking   ] GC(2) Concurrent Scan Root Regions
[2020-12-01T19:18:27.765-0800][gc,marking   ] GC(2) Concurrent Scan Root Regions 3.240ms
[2020-12-01T19:18:27.765-0800][gc,marking   ] GC(2) Concurrent Mark (2.011s)
[2020-12-01T19:18:27.765-0800][gc,marking   ] GC(2) Concurrent Mark From Roots
[2020-12-01T19:18:27.765-0800][gc,task      ] GC(2) Using 2 workers of 2 for marking
[2020-12-01T19:18:27.766-0800][gc,marking   ] GC(2) Concurrent Mark From Roots 1.008ms
[2020-12-01T19:18:27.766-0800][gc,marking   ] GC(2) Concurrent Preclean
[2020-12-01T19:18:27.766-0800][gc,marking   ] GC(2) Concurrent Preclean 0.032ms
[2020-12-01T19:18:27.766-0800][gc,marking   ] GC(2) Concurrent Mark (2.011s, 2.012s) 1.121ms
[2020-12-01T19:18:27.767-0800][gc,start     ] GC(2) Pause Remark
[2020-12-01T19:18:27.768-0800][gc           ] GC(2) Pause Remark 10M->10M(512M) 1.244ms
[2020-12-01T19:18:27.768-0800][gc,cpu       ] GC(2) User=0.01s Sys=0.00s Real=0.00s
[2020-12-01T19:18:27.768-0800][gc,marking   ] GC(2) Concurrent Rebuild Remembered Sets
[2020-12-01T19:18:27.769-0800][gc,marking   ] GC(2) Concurrent Rebuild Remembered Sets 0.456ms
[2020-12-01T19:18:27.769-0800][gc,start     ] GC(2) Pause Cleanup
[2020-12-01T19:18:27.769-0800][gc           ] GC(2) Pause Cleanup 10M->10M(512M) 0.096ms
[2020-12-01T19:18:27.769-0800][gc,cpu       ] GC(2) User=0.00s Sys=0.00s Real=0.00s
[2020-12-01T19:18:27.769-0800][gc,marking   ] GC(2) Concurrent Cleanup for Next Mark
[2020-12-01T19:18:27.772-0800][gc,marking   ] GC(2) Concurrent Cleanup for Next Mark 2.756ms
[2020-12-01T19:18:27.772-0800][gc           ] GC(2) Concurrent Cycle 9.834ms
[2020-12-01T19:18:28.921-0800][gc,start     ] GC(3) Pause Young (Normal) (G1 Evacuation Pause)
[2020-12-01T19:18:28.921-0800][gc,task      ] GC(3) Using 8 workers of 8 for evacuation
[2020-12-01T19:18:28.930-0800][gc,phases    ] GC(3)   Pre Evacuate Collection Set: 0.1ms
[2020-12-01T19:18:28.930-0800][gc,phases    ] GC(3)   Merge Heap Roots: 0.1ms
[2020-12-01T19:18:28.930-0800][gc,phases    ] GC(3)   Evacuate Collection Set: 7.7ms
[2020-12-01T19:18:28.930-0800][gc,phases    ] GC(3)   Post Evacuate Collection Set: 0.8ms
[2020-12-01T19:18:28.930-0800][gc,phases    ] GC(3)   Other: 0.1ms
[2020-12-01T19:18:28.930-0800][gc,heap      ] GC(3) Eden regions: 248->0(244)
[2020-12-01T19:18:28.930-0800][gc,heap      ] GC(3) Survivor regions: 8->12(32)
[2020-12-01T19:18:28.930-0800][gc,heap      ] GC(3) Old regions: 0->0
[2020-12-01T19:18:28.930-0800][gc,heap      ] GC(3) Archive regions: 2->2
[2020-12-01T19:18:28.930-0800][gc,heap      ] GC(3) Humongous regions: 0->0
[2020-12-01T19:18:28.930-0800][gc,metaspace ] GC(3) Metaspace: 23707K(24704K)->23707K(24704K) NonClass: 20813K(21504K)->20813K(21504K) Class: 2893K(3200K)->2893K(3200K)
[2020-12-01T19:18:28.930-0800][gc           ] GC(3) Pause Young (Normal) (G1 Evacuation Pause) 256M->12M(512M) 8.907ms
[2020-12-01T19:18:28.930-0800][gc,cpu       ] GC(3) User=0.06s Sys=0.00s Real=0.01s
[2020-12-01T19:18:30.002-0800][gc,start     ] GC(4) Pause Young (Normal) (G1 Evacuation Pause)
[2020-12-01T19:18:30.002-0800][gc,task      ] GC(4) Using 8 workers of 8 for evacuation
[2020-12-01T19:18:30.012-0800][gc,phases    ] GC(4)   Pre Evacuate Collection Set: 0.1ms
[2020-12-01T19:18:30.012-0800][gc,phases    ] GC(4)   Merge Heap Roots: 0.0ms
[2020-12-01T19:18:30.012-0800][gc,phases    ] GC(4)   Evacuate Collection Set: 9.0ms
[2020-12-01T19:18:30.012-0800][gc,phases    ] GC(4)   Post Evacuate Collection Set: 0.9ms
[2020-12-01T19:18:30.012-0800][gc,phases    ] GC(4)   Other: 0.2ms
[2020-12-01T19:18:30.012-0800][gc,heap      ] GC(4) Eden regions: 244->0(240)
[2020-12-01T19:18:30.012-0800][gc,heap      ] GC(4) Survivor regions: 12->16(32)
[2020-12-01T19:18:30.012-0800][gc,heap      ] GC(4) Old regions: 0->0
[2020-12-01T19:18:30.012-0800][gc,heap      ] GC(4) Archive regions: 2->2
[2020-12-01T19:18:30.012-0800][gc,heap      ] GC(4) Humongous regions: 0->0
[2020-12-01T19:18:30.012-0800][gc,metaspace ] GC(4) Metaspace: 26690K(27776K)->26690K(27776K) NonClass: 23360K(24064K)->23360K(24064K) Class: 3330K(3712K)->3330K(3712K)
[2020-12-01T19:18:30.012-0800][gc           ] GC(4) Pause Young (Normal) (G1 Evacuation Pause) 256M->16M(512M) 10.276ms
[2020-12-01T19:18:30.012-0800][gc,cpu       ] GC(4) User=0.06s Sys=0.00s Real=0.01s
[2020-12-01T19:18:30.968-0800][gc,start     ] GC(5) Pause Young (Concurrent Start) (Metadata GC Threshold)
[2020-12-01T19:18:30.968-0800][gc,task      ] GC(5) Using 8 workers of 8 for evacuation
[2020-12-01T19:18:30.980-0800][gc,phases    ] GC(5)   Pre Evacuate Collection Set: 0.1ms
[2020-12-01T19:18:30.980-0800][gc,phases    ] GC(5)   Merge Heap Roots: 0.1ms
[2020-12-01T19:18:30.980-0800][gc,phases    ] GC(5)   Evacuate Collection Set: 10.1ms
[2020-12-01T19:18:30.980-0800][gc,phases    ] GC(5)   Post Evacuate Collection Set: 1.1ms
[2020-12-01T19:18:30.980-0800][gc,phases    ] GC(5)   Other: 0.2ms
[2020-12-01T19:18:30.980-0800][gc,heap      ] GC(5) Eden regions: 153->0(233)
[2020-12-01T19:18:30.980-0800][gc,heap      ] GC(5) Survivor regions: 16->23(32)
[2020-12-01T19:18:30.980-0800][gc,heap      ] GC(5) Old regions: 0->0
[2020-12-01T19:18:30.980-0800][gc,heap      ] GC(5) Archive regions: 2->2
[2020-12-01T19:18:30.980-0800][gc,heap      ] GC(5) Humongous regions: 0->0
[2020-12-01T19:18:30.980-0800][gc,metaspace ] GC(5) Metaspace: 34663K(35840K)->34663K(35840K) NonClass: 30367K(31104K)->30367K(31104K) Class: 4295K(4736K)->4295K(4736K)
[2020-12-01T19:18:30.980-0800][gc           ] GC(5) Pause Young (Concurrent Start) (Metadata GC Threshold) 169M->23M(512M) 11.754ms
[2020-12-01T19:18:30.980-0800][gc,cpu       ] GC(5) User=0.08s Sys=0.00s Real=0.02s
[2020-12-01T19:18:30.980-0800][gc           ] GC(6) Concurrent Cycle
[2020-12-01T19:18:30.980-0800][gc,marking   ] GC(6) Concurrent Clear Claimed Marks
[2020-12-01T19:18:30.980-0800][gc,marking   ] GC(6) Concurrent Clear Claimed Marks 0.043ms
[2020-12-01T19:18:30.980-0800][gc,marking   ] GC(6) Concurrent Scan Root Regions
[2020-12-01T19:18:30.988-0800][gc,marking   ] GC(6) Concurrent Scan Root Regions 7.408ms
[2020-12-01T19:18:30.988-0800][gc,marking   ] GC(6) Concurrent Mark (5.233s)
[2020-12-01T19:18:30.988-0800][gc,marking   ] GC(6) Concurrent Mark From Roots
[2020-12-01T19:18:30.988-0800][gc,task      ] GC(6) Using 2 workers of 2 for marking
[2020-12-01T19:18:30.989-0800][gc,marking   ] GC(6) Concurrent Mark From Roots 0.842ms
[2020-12-01T19:18:30.989-0800][gc,marking   ] GC(6) Concurrent Preclean
[2020-12-01T19:18:30.989-0800][gc,marking   ] GC(6) Concurrent Preclean 0.023ms
[2020-12-01T19:18:30.989-0800][gc,marking   ] GC(6) Concurrent Mark (5.233s, 5.234s) 0.896ms
[2020-12-01T19:18:30.989-0800][gc,start     ] GC(6) Pause Remark
[2020-12-01T19:18:30.991-0800][gc           ] GC(6) Pause Remark 24M->24M(512M) 1.960ms
[2020-12-01T19:18:30.991-0800][gc,cpu       ] GC(6) User=0.02s Sys=0.00s Real=0.01s
[2020-12-01T19:18:30.991-0800][gc,marking   ] GC(6) Concurrent Rebuild Remembered Sets
[2020-12-01T19:18:30.991-0800][gc,marking   ] GC(6) Concurrent Rebuild Remembered Sets 0.395ms
[2020-12-01T19:18:30.991-0800][gc,start     ] GC(6) Pause Cleanup
[2020-12-01T19:18:30.991-0800][gc           ] GC(6) Pause Cleanup 24M->24M(512M) 0.091ms
[2020-12-01T19:18:30.991-0800][gc,cpu       ] GC(6) User=0.00s Sys=0.00s Real=0.00s
[2020-12-01T19:18:30.992-0800][gc,marking   ] GC(6) Concurrent Cleanup for Next Mark
[2020-12-01T19:18:30.994-0800][gc,marking   ] GC(6) Concurrent Cleanup for Next Mark 2.729ms
[2020-12-01T19:18:30.994-0800][gc           ] GC(6) Concurrent Cycle 14.082ms
[2020-12-01T19:18:36.355-0800][gc,heap,exit ] Heap
[2020-12-01T19:18:36.355-0800][gc,heap,exit ]  garbage-first heap   total 524288K, used 195034K [0x00000007e0000000, 0x0000000800000000)
[2020-12-01T19:18:36.355-0800][gc,heap,exit ]   region size 1024K, 191 young (195584K), 23 survivors (23552K)
[2020-12-01T19:18:36.355-0800][gc,heap,exit ]  Metaspace       used 44873K, capacity 45949K, committed 46208K, reserved 1089536K
[2020-12-01T19:18:36.355-0800][gc,heap,exit ]   class space    used 5535K, capacity 5936K, committed 6016K, reserved 1048576K
