[2020-12-01T19:34:14.112-0800][gc,heap] Heap region size: 1M
[2020-12-01T19:34:14.112-0800][gc,heap,coops] Heap address: 0x00000007e0000000, size: 512 MB, Compressed Oops mode: Zero based, Oop shift amount: 3
[2020-12-01T19:34:14.117-0800][gc           ] Using G1
[2020-12-01T19:34:14.118-0800][gc,cds       ] Mark closed archive regions in map: [0x00000007fff00000, 0x00000007fff7aff8]
[2020-12-01T19:34:14.118-0800][gc,cds       ] Mark open archive regions in map: [0x00000007ffe00000, 0x00000007ffe50ff8]
[2020-12-01T19:34:14.136-0800][gc           ] Periodic GC disabled
[2020-12-01T19:34:15.745-0800][gc,start     ] GC(0) Pause Young (Normal) (G1 Evacuation Pause)
[2020-12-01T19:34:15.745-0800][gc,task      ] GC(0) Using 8 workers of 8 for evacuation
[2020-12-01T19:34:15.752-0800][gc,phases    ] GC(0)   Pre Evacuate Collection Set: 0.1ms
[2020-12-01T19:34:15.752-0800][gc,phases    ] GC(0)   Merge Heap Roots: 0.0ms
[2020-12-01T19:34:15.752-0800][gc,phases    ] GC(0)   Evacuate Collection Set: 5.4ms
[2020-12-01T19:34:15.752-0800][gc,phases    ] GC(0)   Post Evacuate Collection Set: 0.7ms
[2020-12-01T19:34:15.752-0800][gc,phases    ] GC(0)   Other: 0.6ms
[2020-12-01T19:34:15.752-0800][gc,heap      ] GC(0) Eden regions: 256->0(250)
[2020-12-01T19:34:15.752-0800][gc,heap      ] GC(0) Survivor regions: 0->6(32)
[2020-12-01T19:34:15.752-0800][gc,heap      ] GC(0) Old regions: 0->0
[2020-12-01T19:34:15.752-0800][gc,heap      ] GC(0) Archive regions: 2->2
[2020-12-01T19:34:15.752-0800][gc,heap      ] GC(0) Humongous regions: 0->0
[2020-12-01T19:34:15.752-0800][gc,metaspace ] GC(0) Metaspace: 15143K(15872K)->15143K(15872K) NonClass: 13298K(13824K)->13298K(13824K) Class: 1844K(2048K)->1844K(2048K)
[2020-12-01T19:34:15.752-0800][gc           ] GC(0) Pause Young (Normal) (G1 Evacuation Pause) 256M->6M(512M) 7.023ms
[2020-12-01T19:34:15.752-0800][gc,cpu       ] GC(0) User=0.04s Sys=0.01s Real=0.01s
[2020-12-01T19:34:16.208-0800][gc,start     ] GC(1) Pause Young (Concurrent Start) (Metadata GC Threshold)
[2020-12-01T19:34:16.208-0800][gc,task      ] GC(1) Using 8 workers of 8 for evacuation
[2020-12-01T19:34:16.214-0800][gc,phases    ] GC(1)   Pre Evacuate Collection Set: 0.1ms
[2020-12-01T19:34:16.214-0800][gc,phases    ] GC(1)   Merge Heap Roots: 0.0ms
[2020-12-01T19:34:16.214-0800][gc,phases    ] GC(1)   Evacuate Collection Set: 4.8ms
[2020-12-01T19:34:16.214-0800][gc,phases    ] GC(1)   Post Evacuate Collection Set: 0.7ms
[2020-12-01T19:34:16.214-0800][gc,phases    ] GC(1)   Other: 0.3ms
[2020-12-01T19:34:16.214-0800][gc,heap      ] GC(1) Eden regions: 114->0(248)
[2020-12-01T19:34:16.214-0800][gc,heap      ] GC(1) Survivor regions: 6->8(32)
[2020-12-01T19:34:16.214-0800][gc,heap      ] GC(1) Old regions: 0->0
[2020-12-01T19:34:16.214-0800][gc,heap      ] GC(1) Archive regions: 2->2
[2020-12-01T19:34:16.214-0800][gc,heap      ] GC(1) Humongous regions: 0->0
[2020-12-01T19:34:16.214-0800][gc,metaspace ] GC(1) Metaspace: 20620K(21248K)->20620K(21248K) NonClass: 18056K(18432K)->18056K(18432K) Class: 2564K(2816K)->2564K(2816K)
[2020-12-01T19:34:16.214-0800][gc           ] GC(1) Pause Young (Concurrent Start) (Metadata GC Threshold) 120M->8M(512M) 6.202ms
[2020-12-01T19:34:16.214-0800][gc,cpu       ] GC(1) User=0.04s Sys=0.01s Real=0.01s
[2020-12-01T19:34:16.214-0800][gc           ] GC(2) Concurrent Cycle
[2020-12-01T19:34:16.214-0800][gc,marking   ] GC(2) Concurrent Clear Claimed Marks
[2020-12-01T19:34:16.214-0800][gc,marking   ] GC(2) Concurrent Clear Claimed Marks 0.039ms
[2020-12-01T19:34:16.214-0800][gc,marking   ] GC(2) Concurrent Scan Root Regions
[2020-12-01T19:34:16.218-0800][gc,marking   ] GC(2) Concurrent Scan Root Regions 4.369ms
[2020-12-01T19:34:16.218-0800][gc,marking   ] GC(2) Concurrent Mark (2.113s)
[2020-12-01T19:34:16.219-0800][gc,marking   ] GC(2) Concurrent Mark From Roots
[2020-12-01T19:34:16.219-0800][gc,task      ] GC(2) Using 2 workers of 2 for marking
[2020-12-01T19:34:16.220-0800][gc,marking   ] GC(2) Concurrent Mark From Roots 1.422ms
[2020-12-01T19:34:16.220-0800][gc,marking   ] GC(2) Concurrent Preclean
[2020-12-01T19:34:16.220-0800][gc,marking   ] GC(2) Concurrent Preclean 0.036ms
[2020-12-01T19:34:16.220-0800][gc,marking   ] GC(2) Concurrent Mark (2.113s, 2.115s) 1.547ms
[2020-12-01T19:34:16.220-0800][gc,start     ] GC(2) Pause Remark
[2020-12-01T19:34:16.222-0800][gc           ] GC(2) Pause Remark 9M->9M(512M) 1.350ms
[2020-12-01T19:34:16.222-0800][gc,cpu       ] GC(2) User=0.00s Sys=0.00s Real=0.00s
[2020-12-01T19:34:16.222-0800][gc,marking   ] GC(2) Concurrent Rebuild Remembered Sets
[2020-12-01T19:34:16.222-0800][gc,marking   ] GC(2) Concurrent Rebuild Remembered Sets 0.428ms
[2020-12-01T19:34:16.222-0800][gc,start     ] GC(2) Pause Cleanup
[2020-12-01T19:34:16.222-0800][gc           ] GC(2) Pause Cleanup 9M->9M(512M) 0.069ms
[2020-12-01T19:34:16.222-0800][gc,cpu       ] GC(2) User=0.00s Sys=0.00s Real=0.00s
[2020-12-01T19:34:16.223-0800][gc,marking   ] GC(2) Concurrent Cleanup for Next Mark
[2020-12-01T19:34:16.226-0800][gc,marking   ] GC(2) Concurrent Cleanup for Next Mark 3.304ms
[2020-12-01T19:34:16.226-0800][gc           ] GC(2) Concurrent Cycle 11.963ms
[2020-12-01T19:34:17.392-0800][gc,start     ] GC(3) Pause Young (Normal) (G1 Evacuation Pause)
[2020-12-01T19:34:17.392-0800][gc,task      ] GC(3) Using 8 workers of 8 for evacuation
[2020-12-01T19:34:17.403-0800][gc,phases    ] GC(3)   Pre Evacuate Collection Set: 0.1ms
[2020-12-01T19:34:17.403-0800][gc,phases    ] GC(3)   Merge Heap Roots: 0.1ms
[2020-12-01T19:34:17.403-0800][gc,phases    ] GC(3)   Evacuate Collection Set: 9.3ms
[2020-12-01T19:34:17.403-0800][gc,phases    ] GC(3)   Post Evacuate Collection Set: 0.8ms
[2020-12-01T19:34:17.403-0800][gc,phases    ] GC(3)   Other: 0.2ms
[2020-12-01T19:34:17.403-0800][gc,heap      ] GC(3) Eden regions: 248->0(243)
[2020-12-01T19:34:17.403-0800][gc,heap      ] GC(3) Survivor regions: 8->13(32)
[2020-12-01T19:34:17.403-0800][gc,heap      ] GC(3) Old regions: 0->0
[2020-12-01T19:34:17.403-0800][gc,heap      ] GC(3) Archive regions: 2->2
[2020-12-01T19:34:17.403-0800][gc,heap      ] GC(3) Humongous regions: 0->0
[2020-12-01T19:34:17.403-0800][gc,metaspace ] GC(3) Metaspace: 23713K(24704K)->23713K(24704K) NonClass: 20817K(21504K)->20817K(21504K) Class: 2895K(3200K)->2895K(3200K)
[2020-12-01T19:34:17.403-0800][gc           ] GC(3) Pause Young (Normal) (G1 Evacuation Pause) 256M->12M(512M) 10.451ms
[2020-12-01T19:34:17.403-0800][gc,cpu       ] GC(3) User=0.06s Sys=0.00s Real=0.01s
[2020-12-01T19:34:18.460-0800][gc,start     ] GC(4) Pause Young (Normal) (G1 Evacuation Pause)
[2020-12-01T19:34:18.460-0800][gc,task      ] GC(4) Using 8 workers of 8 for evacuation
[2020-12-01T19:34:18.473-0800][gc,phases    ] GC(4)   Pre Evacuate Collection Set: 0.1ms
[2020-12-01T19:34:18.473-0800][gc,phases    ] GC(4)   Merge Heap Roots: 0.1ms
[2020-12-01T19:34:18.473-0800][gc,phases    ] GC(4)   Evacuate Collection Set: 11.4ms
[2020-12-01T19:34:18.473-0800][gc,phases    ] GC(4)   Post Evacuate Collection Set: 1.1ms
[2020-12-01T19:34:18.473-0800][gc,phases    ] GC(4)   Other: 0.2ms
[2020-12-01T19:34:18.473-0800][gc,heap      ] GC(4) Eden regions: 243->0(240)
[2020-12-01T19:34:18.473-0800][gc,heap      ] GC(4) Survivor regions: 13->16(32)
[2020-12-01T19:34:18.473-0800][gc,heap      ] GC(4) Old regions: 0->0
[2020-12-01T19:34:18.473-0800][gc,heap      ] GC(4) Archive regions: 2->2
[2020-12-01T19:34:18.473-0800][gc,heap      ] GC(4) Humongous regions: 0->0
[2020-12-01T19:34:18.473-0800][gc,metaspace ] GC(4) Metaspace: 27443K(28416K)->27443K(28416K) NonClass: 24017K(24576K)->24017K(24576K) Class: 3425K(3840K)->3425K(3840K)
[2020-12-01T19:34:18.473-0800][gc           ] GC(4) Pause Young (Normal) (G1 Evacuation Pause) 255M->16M(512M) 12.893ms
[2020-12-01T19:34:18.473-0800][gc,cpu       ] GC(4) User=0.09s Sys=0.01s Real=0.01s
[2020-12-01T19:34:19.488-0800][gc,start     ] GC(5) Pause Young (Concurrent Start) (Metadata GC Threshold)
[2020-12-01T19:34:19.488-0800][gc,task      ] GC(5) Using 8 workers of 8 for evacuation
[2020-12-01T19:34:19.506-0800][gc,phases    ] GC(5)   Pre Evacuate Collection Set: 0.1ms
[2020-12-01T19:34:19.506-0800][gc,phases    ] GC(5)   Merge Heap Roots: 0.0ms
[2020-12-01T19:34:19.506-0800][gc,phases    ] GC(5)   Evacuate Collection Set: 16.1ms
[2020-12-01T19:34:19.506-0800][gc,phases    ] GC(5)   Post Evacuate Collection Set: 1.5ms
[2020-12-01T19:34:19.506-0800][gc,phases    ] GC(5)   Other: 0.2ms
[2020-12-01T19:34:19.506-0800][gc,heap      ] GC(5) Eden regions: 139->0(233)
[2020-12-01T19:34:19.506-0800][gc,heap      ] GC(5) Survivor regions: 16->23(32)
[2020-12-01T19:34:19.506-0800][gc,heap      ] GC(5) Old regions: 0->0
[2020-12-01T19:34:19.506-0800][gc,heap      ] GC(5) Archive regions: 2->2
[2020-12-01T19:34:19.506-0800][gc,heap      ] GC(5) Humongous regions: 0->0
[2020-12-01T19:34:19.506-0800][gc,metaspace ] GC(5) Metaspace: 34715K(35840K)->34715K(35840K) NonClass: 30412K(31104K)->30412K(31104K) Class: 4302K(4736K)->4302K(4736K)
[2020-12-01T19:34:19.506-0800][gc           ] GC(5) Pause Young (Concurrent Start) (Metadata GC Threshold) 155M->23M(512M) 18.134ms
[2020-12-01T19:34:19.506-0800][gc,cpu       ] GC(5) User=0.10s Sys=0.00s Real=0.02s
[2020-12-01T19:34:19.506-0800][gc           ] GC(6) Concurrent Cycle
[2020-12-01T19:34:19.506-0800][gc,marking   ] GC(6) Concurrent Clear Claimed Marks
[2020-12-01T19:34:19.506-0800][gc,marking   ] GC(6) Concurrent Clear Claimed Marks 0.061ms
[2020-12-01T19:34:19.506-0800][gc,marking   ] GC(6) Concurrent Scan Root Regions
[2020-12-01T19:34:19.519-0800][gc,marking   ] GC(6) Concurrent Scan Root Regions 12.147ms
[2020-12-01T19:34:19.519-0800][gc,marking   ] GC(6) Concurrent Mark (5.413s)
[2020-12-01T19:34:19.519-0800][gc,marking   ] GC(6) Concurrent Mark From Roots
[2020-12-01T19:34:19.519-0800][gc,task      ] GC(6) Using 2 workers of 2 for marking
[2020-12-01T19:34:19.520-0800][gc,marking   ] GC(6) Concurrent Mark From Roots 1.493ms
[2020-12-01T19:34:19.520-0800][gc,marking   ] GC(6) Concurrent Preclean
[2020-12-01T19:34:19.520-0800][gc,marking   ] GC(6) Concurrent Preclean 0.076ms
[2020-12-01T19:34:19.520-0800][gc,marking   ] GC(6) Concurrent Mark (5.413s, 5.415s) 1.708ms
[2020-12-01T19:34:19.521-0800][gc,start     ] GC(6) Pause Remark
[2020-12-01T19:34:19.530-0800][gc           ] GC(6) Pause Remark 24M->24M(512M) 9.434ms
[2020-12-01T19:34:19.530-0800][gc,cpu       ] GC(6) User=0.02s Sys=0.01s Real=0.01s
[2020-12-01T19:34:19.530-0800][gc,marking   ] GC(6) Concurrent Rebuild Remembered Sets
[2020-12-01T19:34:19.531-0800][gc,marking   ] GC(6) Concurrent Rebuild Remembered Sets 0.934ms
[2020-12-01T19:34:19.532-0800][gc,start     ] GC(6) Pause Cleanup
[2020-12-01T19:34:19.532-0800][gc           ] GC(6) Pause Cleanup 24M->24M(512M) 0.164ms
[2020-12-01T19:34:19.532-0800][gc,cpu       ] GC(6) User=0.00s Sys=0.00s Real=0.00s
[2020-12-01T19:34:19.532-0800][gc,marking   ] GC(6) Concurrent Cleanup for Next Mark
[2020-12-01T19:34:19.539-0800][gc,marking   ] GC(6) Concurrent Cleanup for Next Mark 6.798ms
[2020-12-01T19:34:19.539-0800][gc           ] GC(6) Concurrent Cycle 32.677ms
[2020-12-01T19:34:21.404-0800][gc,start     ] GC(7) Pause Young (Normal) (G1 Evacuation Pause)
[2020-12-01T19:34:21.404-0800][gc,task      ] GC(7) Using 8 workers of 8 for evacuation
[2020-12-01T19:34:21.424-0800][gc,phases    ] GC(7)   Pre Evacuate Collection Set: 0.2ms
[2020-12-01T19:34:21.424-0800][gc,phases    ] GC(7)   Merge Heap Roots: 0.1ms
[2020-12-01T19:34:21.424-0800][gc,phases    ] GC(7)   Evacuate Collection Set: 17.9ms
[2020-12-01T19:34:21.424-0800][gc,phases    ] GC(7)   Post Evacuate Collection Set: 1.7ms
[2020-12-01T19:34:21.424-0800][gc,phases    ] GC(7)   Other: 0.2ms
[2020-12-01T19:34:21.424-0800][gc,heap      ] GC(7) Eden regions: 233->0(235)
[2020-12-01T19:34:21.424-0800][gc,heap      ] GC(7) Survivor regions: 23->21(32)
[2020-12-01T19:34:21.424-0800][gc,heap      ] GC(7) Old regions: 0->8
[2020-12-01T19:34:21.424-0800][gc,heap      ] GC(7) Archive regions: 2->2
[2020-12-01T19:34:21.424-0800][gc,heap      ] GC(7) Humongous regions: 0->0
[2020-12-01T19:34:21.424-0800][gc,metaspace ] GC(7) Metaspace: 46885K(48384K)->46885K(48384K) NonClass: 41206K(42240K)->41206K(42240K) Class: 5679K(6144K)->5679K(6144K)
[2020-12-01T19:34:21.424-0800][gc           ] GC(7) Pause Young (Normal) (G1 Evacuation Pause) 256M->29M(512M) 20.206ms
[2020-12-01T19:34:21.424-0800][gc,cpu       ] GC(7) User=0.14s Sys=0.02s Real=0.02s
[2020-12-01T19:34:22.861-0800][gc,start     ] GC(8) Pause Young (Concurrent Start) (Metadata GC Threshold)
[2020-12-01T19:34:22.861-0800][gc,task      ] GC(8) Using 8 workers of 8 for evacuation
[2020-12-01T19:34:22.877-0800][gc,phases    ] GC(8)   Pre Evacuate Collection Set: 0.2ms
[2020-12-01T19:34:22.877-0800][gc,phases    ] GC(8)   Merge Heap Roots: 0.1ms
[2020-12-01T19:34:22.877-0800][gc,phases    ] GC(8)   Evacuate Collection Set: 15.2ms
[2020-12-01T19:34:22.877-0800][gc,phases    ] GC(8)   Post Evacuate Collection Set: 1.0ms
[2020-12-01T19:34:22.877-0800][gc,phases    ] GC(8)   Other: 0.2ms
[2020-12-01T19:34:22.877-0800][gc,heap      ] GC(8) Eden regions: 188->0(231)
[2020-12-01T19:34:22.877-0800][gc,heap      ] GC(8) Survivor regions: 21->25(32)
[2020-12-01T19:34:22.877-0800][gc,heap      ] GC(8) Old regions: 8->11
[2020-12-01T19:34:22.877-0800][gc,heap      ] GC(8) Archive regions: 2->2
[2020-12-01T19:34:22.877-0800][gc,heap      ] GC(8) Humongous regions: 6->6
[2020-12-01T19:34:22.877-0800][gc,metaspace ] GC(8) Metaspace: 58449K(60160K)->58449K(60160K) NonClass: 51339K(52480K)->51339K(52480K) Class: 7110K(7680K)->7110K(7680K)
[2020-12-01T19:34:22.877-0800][gc           ] GC(8) Pause Young (Concurrent Start) (Metadata GC Threshold) 223M->42M(512M) 16.777ms
[2020-12-01T19:34:22.877-0800][gc,cpu       ] GC(8) User=0.12s Sys=0.00s Real=0.01s
[2020-12-01T19:34:22.877-0800][gc           ] GC(9) Concurrent Cycle
[2020-12-01T19:34:22.877-0800][gc,marking   ] GC(9) Concurrent Clear Claimed Marks
[2020-12-01T19:34:22.878-0800][gc,marking   ] GC(9) Concurrent Clear Claimed Marks 0.074ms
[2020-12-01T19:34:22.878-0800][gc,marking   ] GC(9) Concurrent Scan Root Regions
[2020-12-01T19:34:22.890-0800][gc,marking   ] GC(9) Concurrent Scan Root Regions 12.394ms
[2020-12-01T19:34:22.890-0800][gc,marking   ] GC(9) Concurrent Mark (8.785s)
[2020-12-01T19:34:22.890-0800][gc,marking   ] GC(9) Concurrent Mark From Roots
[2020-12-01T19:34:22.890-0800][gc,task      ] GC(9) Using 2 workers of 2 for marking
[2020-12-01T19:34:22.903-0800][gc,marking   ] GC(9) Concurrent Mark From Roots 13.306ms
[2020-12-01T19:34:22.903-0800][gc,marking   ] GC(9) Concurrent Preclean
[2020-12-01T19:34:22.903-0800][gc,marking   ] GC(9) Concurrent Preclean 0.086ms
[2020-12-01T19:34:22.903-0800][gc,marking   ] GC(9) Concurrent Mark (8.785s, 8.798s) 13.462ms
[2020-12-01T19:34:22.904-0800][gc,start     ] GC(9) Pause Remark
[2020-12-01T19:34:22.910-0800][gc           ] GC(9) Pause Remark 45M->45M(512M) 6.591ms
[2020-12-01T19:34:22.910-0800][gc,cpu       ] GC(9) User=0.04s Sys=0.00s Real=0.01s
[2020-12-01T19:34:22.910-0800][gc,marking   ] GC(9) Concurrent Rebuild Remembered Sets
[2020-12-01T19:34:22.921-0800][gc,marking   ] GC(9) Concurrent Rebuild Remembered Sets 10.355ms
[2020-12-01T19:34:22.921-0800][gc,start     ] GC(9) Pause Cleanup
[2020-12-01T19:34:22.921-0800][gc           ] GC(9) Pause Cleanup 45M->45M(512M) 0.089ms
[2020-12-01T19:34:22.921-0800][gc,cpu       ] GC(9) User=0.00s Sys=0.01s Real=0.00s
[2020-12-01T19:34:22.921-0800][gc,marking   ] GC(9) Concurrent Cleanup for Next Mark
[2020-12-01T19:34:22.922-0800][gc,marking   ] GC(9) Concurrent Cleanup for Next Mark 0.933ms
[2020-12-01T19:34:22.922-0800][gc           ] GC(9) Concurrent Cycle 44.915ms
[2020-12-01T19:38:10.810-0800][gc,start     ] GC(10) Pause Young (Normal) (G1 Evacuation Pause)
[2020-12-01T19:38:10.810-0800][gc,task      ] GC(10) Using 8 workers of 8 for evacuation
[2020-12-01T19:38:10.828-0800][gc,phases    ] GC(10)   Pre Evacuate Collection Set: 0.1ms
[2020-12-01T19:38:10.828-0800][gc,phases    ] GC(10)   Merge Heap Roots: 0.1ms
[2020-12-01T19:38:10.828-0800][gc,phases    ] GC(10)   Evacuate Collection Set: 16.2ms
[2020-12-01T19:38:10.828-0800][gc,phases    ] GC(10)   Post Evacuate Collection Set: 1.2ms
[2020-12-01T19:38:10.828-0800][gc,phases    ] GC(10)   Other: 1.1ms
[2020-12-01T19:38:10.828-0800][gc,heap      ] GC(10) Eden regions: 231->0(237)
[2020-12-01T19:38:10.828-0800][gc,heap      ] GC(10) Survivor regions: 25->19(32)
[2020-12-01T19:38:10.828-0800][gc,heap      ] GC(10) Old regions: 11->21
[2020-12-01T19:38:10.828-0800][gc,heap      ] GC(10) Archive regions: 2->2
[2020-12-01T19:38:10.828-0800][gc,heap      ] GC(10) Humongous regions: 12->12
[2020-12-01T19:38:10.828-0800][gc,metaspace ] GC(10) Metaspace: 67889K(70092K)->67889K(70092K) NonClass: 59552K(60620K)->59552K(60620K) Class: 8336K(9472K)->8336K(9472K)
[2020-12-01T19:38:10.828-0800][gc           ] GC(10) Pause Young (Normal) (G1 Evacuation Pause) 279M->52M(512M) 18.898ms
[2020-12-01T19:38:10.829-0800][gc,cpu       ] GC(10) User=0.10s Sys=0.01s Real=0.01s
[2020-12-01T19:56:48.064-0800][gc,heap,exit ] Heap
[2020-12-01T19:56:48.064-0800][gc,heap,exit ]  garbage-first heap   total 524288K, used 121928K [0x00000007e0000000, 0x0000000800000000)
[2020-12-01T19:56:48.064-0800][gc,heap,exit ]   region size 1024K, 87 young (89088K), 19 survivors (19456K)
[2020-12-01T19:56:48.064-0800][gc,heap,exit ]  Metaspace       used 70739K, capacity 73143K, committed 73292K, reserved 1112064K
[2020-12-01T19:56:48.064-0800][gc,heap,exit ]   class space    used 8615K, capacity 10013K, committed 10112K, reserved 1048576K
