[2020-12-01T18:48:58.558-0800][gc,heap] Heap region size: 1M
[2020-12-01T18:48:58.558-0800][gc,heap,coops] Heap address: 0x00000007e0000000, size: 512 MB, Compressed Oops mode: Zero based, Oop shift amount: 3
[2020-12-01T18:48:58.563-0800][gc           ] Using G1
[2020-12-01T18:48:58.564-0800][gc,cds       ] Mark closed archive regions in map: [0x00000007fff00000, 0x00000007fff7aff8]
[2020-12-01T18:48:58.564-0800][gc,cds       ] Mark open archive regions in map: [0x00000007ffe00000, 0x00000007ffe50ff8]
[2020-12-01T18:48:58.581-0800][gc           ] Periodic GC disabled
[2020-12-01T18:49:00.132-0800][gc,start     ] GC(0) Pause Young (Normal) (G1 Evacuation Pause)
[2020-12-01T18:49:00.133-0800][gc,task      ] GC(0) Using 8 workers of 8 for evacuation
[2020-12-01T18:49:00.139-0800][gc,phases    ] GC(0)   Pre Evacuate Collection Set: 0.1ms
[2020-12-01T18:49:00.139-0800][gc,phases    ] GC(0)   Merge Heap Roots: 0.0ms
[2020-12-01T18:49:00.139-0800][gc,phases    ] GC(0)   Evacuate Collection Set: 5.2ms
[2020-12-01T18:49:00.139-0800][gc,phases    ] GC(0)   Post Evacuate Collection Set: 0.7ms
[2020-12-01T18:49:00.139-0800][gc,phases    ] GC(0)   Other: 0.7ms
[2020-12-01T18:49:00.139-0800][gc,heap      ] GC(0) Eden regions: 256->0(250)
[2020-12-01T18:49:00.139-0800][gc,heap      ] GC(0) Survivor regions: 0->6(32)
[2020-12-01T18:49:00.139-0800][gc,heap      ] GC(0) Old regions: 0->0
[2020-12-01T18:49:00.139-0800][gc,heap      ] GC(0) Archive regions: 2->2
[2020-12-01T18:49:00.139-0800][gc,heap      ] GC(0) Humongous regions: 0->0
[2020-12-01T18:49:00.139-0800][gc,metaspace ] GC(0) Metaspace: 14934K(15616K)->14934K(15616K) NonClass: 13121K(13568K)->13121K(13568K) Class: 1812K(2048K)->1812K(2048K)
[2020-12-01T18:49:00.139-0800][gc           ] GC(0) Pause Young (Normal) (G1 Evacuation Pause) 256M->6M(512M) 6.829ms
[2020-12-01T18:49:00.139-0800][gc,cpu       ] GC(0) User=0.03s Sys=0.01s Real=0.00s
[2020-12-01T18:49:00.663-0800][gc,start     ] GC(1) Pause Young (Concurrent Start) (Metadata GC Threshold)
[2020-12-01T18:49:00.663-0800][gc,task      ] GC(1) Using 8 workers of 8 for evacuation
[2020-12-01T18:49:00.669-0800][gc,phases    ] GC(1)   Pre Evacuate Collection Set: 0.1ms
[2020-12-01T18:49:00.669-0800][gc,phases    ] GC(1)   Merge Heap Roots: 0.0ms
[2020-12-01T18:49:00.669-0800][gc,phases    ] GC(1)   Evacuate Collection Set: 4.5ms
[2020-12-01T18:49:00.669-0800][gc,phases    ] GC(1)   Post Evacuate Collection Set: 0.6ms
[2020-12-01T18:49:00.669-0800][gc,phases    ] GC(1)   Other: 0.2ms
[2020-12-01T18:49:00.669-0800][gc,heap      ] GC(1) Eden regions: 130->0(248)
[2020-12-01T18:49:00.669-0800][gc,heap      ] GC(1) Survivor regions: 6->8(32)
[2020-12-01T18:49:00.669-0800][gc,heap      ] GC(1) Old regions: 0->0
[2020-12-01T18:49:00.669-0800][gc,heap      ] GC(1) Archive regions: 2->2
[2020-12-01T18:49:00.669-0800][gc,heap      ] GC(1) Humongous regions: 0->0
[2020-12-01T18:49:00.669-0800][gc,metaspace ] GC(1) Metaspace: 20542K(21248K)->20542K(21248K) NonClass: 17979K(18432K)->17979K(18432K) Class: 2563K(2816K)->2563K(2816K)
[2020-12-01T18:49:00.669-0800][gc           ] GC(1) Pause Young (Concurrent Start) (Metadata GC Threshold) 136M->8M(512M) 5.641ms
[2020-12-01T18:49:00.669-0800][gc,cpu       ] GC(1) User=0.03s Sys=0.01s Real=0.00s
[2020-12-01T18:49:00.669-0800][gc           ] GC(2) Concurrent Cycle
[2020-12-01T18:49:00.669-0800][gc,marking   ] GC(2) Concurrent Clear Claimed Marks
[2020-12-01T18:49:00.669-0800][gc,marking   ] GC(2) Concurrent Clear Claimed Marks 0.033ms
[2020-12-01T18:49:00.669-0800][gc,marking   ] GC(2) Concurrent Scan Root Regions
[2020-12-01T18:49:00.673-0800][gc,marking   ] GC(2) Concurrent Scan Root Regions 4.106ms
[2020-12-01T18:49:00.673-0800][gc,marking   ] GC(2) Concurrent Mark (2.122s)
[2020-12-01T18:49:00.673-0800][gc,marking   ] GC(2) Concurrent Mark From Roots
[2020-12-01T18:49:00.673-0800][gc,task      ] GC(2) Using 2 workers of 2 for marking
[2020-12-01T18:49:00.675-0800][gc,marking   ] GC(2) Concurrent Mark From Roots 1.275ms
[2020-12-01T18:49:00.675-0800][gc,marking   ] GC(2) Concurrent Preclean
[2020-12-01T18:49:00.675-0800][gc,marking   ] GC(2) Concurrent Preclean 0.046ms
[2020-12-01T18:49:00.675-0800][gc,marking   ] GC(2) Concurrent Mark (2.122s, 2.123s) 1.415ms
[2020-12-01T18:49:00.675-0800][gc,start     ] GC(2) Pause Remark
[2020-12-01T18:49:00.676-0800][gc           ] GC(2) Pause Remark 9M->9M(512M) 1.160ms
[2020-12-01T18:49:00.676-0800][gc,cpu       ] GC(2) User=0.00s Sys=0.00s Real=0.00s
[2020-12-01T18:49:00.676-0800][gc,marking   ] GC(2) Concurrent Rebuild Remembered Sets
[2020-12-01T18:49:00.676-0800][gc,marking   ] GC(2) Concurrent Rebuild Remembered Sets 0.418ms
[2020-12-01T18:49:00.677-0800][gc,start     ] GC(2) Pause Cleanup
[2020-12-01T18:49:00.677-0800][gc           ] GC(2) Pause Cleanup 9M->9M(512M) 0.072ms
[2020-12-01T18:49:00.677-0800][gc,cpu       ] GC(2) User=0.00s Sys=0.00s Real=0.00s
[2020-12-01T18:49:00.677-0800][gc,marking   ] GC(2) Concurrent Cleanup for Next Mark
[2020-12-01T18:49:00.680-0800][gc,marking   ] GC(2) Concurrent Cleanup for Next Mark 3.072ms
[2020-12-01T18:49:00.680-0800][gc           ] GC(2) Concurrent Cycle 10.908ms
[2020-12-01T18:49:01.824-0800][gc,start     ] GC(3) Pause Young (Normal) (G1 Evacuation Pause)
[2020-12-01T18:49:01.824-0800][gc,task      ] GC(3) Using 8 workers of 8 for evacuation
[2020-12-01T18:49:01.833-0800][gc,phases    ] GC(3)   Pre Evacuate Collection Set: 0.1ms
[2020-12-01T18:49:01.833-0800][gc,phases    ] GC(3)   Merge Heap Roots: 0.0ms
[2020-12-01T18:49:01.833-0800][gc,phases    ] GC(3)   Evacuate Collection Set: 7.9ms
[2020-12-01T18:49:01.833-0800][gc,phases    ] GC(3)   Post Evacuate Collection Set: 0.9ms
[2020-12-01T18:49:01.833-0800][gc,phases    ] GC(3)   Other: 0.1ms
[2020-12-01T18:49:01.833-0800][gc,heap      ] GC(3) Eden regions: 248->0(243)
[2020-12-01T18:49:01.833-0800][gc,heap      ] GC(3) Survivor regions: 8->13(32)
[2020-12-01T18:49:01.833-0800][gc,heap      ] GC(3) Old regions: 0->0
[2020-12-01T18:49:01.833-0800][gc,heap      ] GC(3) Archive regions: 2->2
[2020-12-01T18:49:01.833-0800][gc,heap      ] GC(3) Humongous regions: 0->0
[2020-12-01T18:49:01.833-0800][gc,metaspace ] GC(3) Metaspace: 23644K(24448K)->23644K(24448K) NonClass: 20749K(21248K)->20749K(21248K) Class: 2894K(3200K)->2894K(3200K)
[2020-12-01T18:49:01.833-0800][gc           ] GC(3) Pause Young (Normal) (G1 Evacuation Pause) 256M->12M(512M) 9.079ms
[2020-12-01T18:49:01.833-0800][gc,cpu       ] GC(3) User=0.06s Sys=0.01s Real=0.01s
[2020-12-01T18:49:02.883-0800][gc,start     ] GC(4) Pause Young (Normal) (G1 Evacuation Pause)
[2020-12-01T18:49:02.883-0800][gc,task      ] GC(4) Using 8 workers of 8 for evacuation
[2020-12-01T18:49:02.896-0800][gc,phases    ] GC(4)   Pre Evacuate Collection Set: 0.1ms
[2020-12-01T18:49:02.896-0800][gc,phases    ] GC(4)   Merge Heap Roots: 0.0ms
[2020-12-01T18:49:02.896-0800][gc,phases    ] GC(4)   Evacuate Collection Set: 11.7ms
[2020-12-01T18:49:02.896-0800][gc,phases    ] GC(4)   Post Evacuate Collection Set: 0.9ms
[2020-12-01T18:49:02.896-0800][gc,phases    ] GC(4)   Other: 0.1ms
[2020-12-01T18:49:02.896-0800][gc,heap      ] GC(4) Eden regions: 243->0(240)
[2020-12-01T18:49:02.896-0800][gc,heap      ] GC(4) Survivor regions: 13->16(32)
[2020-12-01T18:49:02.896-0800][gc,heap      ] GC(4) Old regions: 0->0
[2020-12-01T18:49:02.896-0800][gc,heap      ] GC(4) Archive regions: 2->2
[2020-12-01T18:49:02.896-0800][gc,heap      ] GC(4) Humongous regions: 0->0
[2020-12-01T18:49:02.896-0800][gc,metaspace ] GC(4) Metaspace: 27437K(28416K)->27437K(28416K) NonClass: 24006K(24576K)->24006K(24576K) Class: 3431K(3840K)->3431K(3840K)
[2020-12-01T18:49:02.896-0800][gc           ] GC(4) Pause Young (Normal) (G1 Evacuation Pause) 255M->16M(512M) 13.135ms
[2020-12-01T18:49:02.896-0800][gc,cpu       ] GC(4) User=0.10s Sys=0.00s Real=0.01s
[2020-12-01T18:49:03.861-0800][gc,start     ] GC(5) Pause Young (Concurrent Start) (Metadata GC Threshold)
[2020-12-01T18:49:03.861-0800][gc,task      ] GC(5) Using 8 workers of 8 for evacuation
[2020-12-01T18:49:03.874-0800][gc,phases    ] GC(5)   Pre Evacuate Collection Set: 0.1ms
[2020-12-01T18:49:03.874-0800][gc,phases    ] GC(5)   Merge Heap Roots: 0.1ms
[2020-12-01T18:49:03.874-0800][gc,phases    ] GC(5)   Evacuate Collection Set: 11.6ms
[2020-12-01T18:49:03.874-0800][gc,phases    ] GC(5)   Post Evacuate Collection Set: 1.3ms
[2020-12-01T18:49:03.874-0800][gc,phases    ] GC(5)   Other: 0.2ms
[2020-12-01T18:49:03.874-0800][gc,heap      ] GC(5) Eden regions: 139->0(233)
[2020-12-01T18:49:03.874-0800][gc,heap      ] GC(5) Survivor regions: 16->23(32)
[2020-12-01T18:49:03.874-0800][gc,heap      ] GC(5) Old regions: 0->0
[2020-12-01T18:49:03.874-0800][gc,heap      ] GC(5) Archive regions: 2->2
[2020-12-01T18:49:03.874-0800][gc,heap      ] GC(5) Humongous regions: 0->0
[2020-12-01T18:49:03.874-0800][gc,metaspace ] GC(5) Metaspace: 34724K(35840K)->34724K(35840K) NonClass: 30414K(31104K)->30414K(31104K) Class: 4310K(4736K)->4310K(4736K)
[2020-12-01T18:49:03.874-0800][gc           ] GC(5) Pause Young (Concurrent Start) (Metadata GC Threshold) 154M->23M(512M) 13.313ms
[2020-12-01T18:49:03.874-0800][gc,cpu       ] GC(5) User=0.08s Sys=0.00s Real=0.01s
[2020-12-01T18:49:03.874-0800][gc           ] GC(6) Concurrent Cycle
[2020-12-01T18:49:03.875-0800][gc,marking   ] GC(6) Concurrent Clear Claimed Marks
[2020-12-01T18:49:03.875-0800][gc,marking   ] GC(6) Concurrent Clear Claimed Marks 0.055ms
[2020-12-01T18:49:03.875-0800][gc,marking   ] GC(6) Concurrent Scan Root Regions
[2020-12-01T18:49:03.884-0800][gc,marking   ] GC(6) Concurrent Scan Root Regions 9.278ms
[2020-12-01T18:49:03.884-0800][gc,marking   ] GC(6) Concurrent Mark (5.333s)
[2020-12-01T18:49:03.884-0800][gc,marking   ] GC(6) Concurrent Mark From Roots
[2020-12-01T18:49:03.884-0800][gc,task      ] GC(6) Using 2 workers of 2 for marking
[2020-12-01T18:49:03.885-0800][gc,marking   ] GC(6) Concurrent Mark From Roots 1.290ms
[2020-12-01T18:49:03.885-0800][gc,marking   ] GC(6) Concurrent Preclean
[2020-12-01T18:49:03.885-0800][gc,marking   ] GC(6) Concurrent Preclean 0.028ms
[2020-12-01T18:49:03.885-0800][gc,marking   ] GC(6) Concurrent Mark (5.333s, 5.334s) 1.374ms
[2020-12-01T18:49:03.885-0800][gc,start     ] GC(6) Pause Remark
[2020-12-01T18:49:03.887-0800][gc           ] GC(6) Pause Remark 23M->23M(512M) 1.887ms
[2020-12-01T18:49:03.887-0800][gc,cpu       ] GC(6) User=0.01s Sys=0.00s Real=0.00s
[2020-12-01T18:49:03.887-0800][gc,marking   ] GC(6) Concurrent Rebuild Remembered Sets
[2020-12-01T18:49:03.888-0800][gc,marking   ] GC(6) Concurrent Rebuild Remembered Sets 0.622ms
[2020-12-01T18:49:03.888-0800][gc,start     ] GC(6) Pause Cleanup
[2020-12-01T18:49:03.888-0800][gc           ] GC(6) Pause Cleanup 24M->24M(512M) 0.091ms
[2020-12-01T18:49:03.888-0800][gc,cpu       ] GC(6) User=0.00s Sys=0.00s Real=0.00s
[2020-12-01T18:49:03.888-0800][gc,marking   ] GC(6) Concurrent Cleanup for Next Mark
[2020-12-01T18:49:03.892-0800][gc,marking   ] GC(6) Concurrent Cleanup for Next Mark 3.307ms
[2020-12-01T18:49:03.892-0800][gc           ] GC(6) Concurrent Cycle 17.300ms
[2020-12-01T18:49:05.565-0800][gc,start     ] GC(7) Pause Young (Normal) (G1 Evacuation Pause)
[2020-12-01T18:49:05.565-0800][gc,task      ] GC(7) Using 8 workers of 8 for evacuation
[2020-12-01T18:49:05.586-0800][gc,phases    ] GC(7)   Pre Evacuate Collection Set: 0.1ms
[2020-12-01T18:49:05.586-0800][gc,phases    ] GC(7)   Merge Heap Roots: 0.1ms
[2020-12-01T18:49:05.586-0800][gc,phases    ] GC(7)   Evacuate Collection Set: 18.9ms
[2020-12-01T18:49:05.586-0800][gc,phases    ] GC(7)   Post Evacuate Collection Set: 1.6ms
[2020-12-01T18:49:05.586-0800][gc,phases    ] GC(7)   Other: 0.1ms
[2020-12-01T18:49:05.586-0800][gc,heap      ] GC(7) Eden regions: 233->0(234)
[2020-12-01T18:49:05.586-0800][gc,heap      ] GC(7) Survivor regions: 23->22(32)
[2020-12-01T18:49:05.586-0800][gc,heap      ] GC(7) Old regions: 0->8
[2020-12-01T18:49:05.586-0800][gc,heap      ] GC(7) Archive regions: 2->2
[2020-12-01T18:49:05.586-0800][gc,heap      ] GC(7) Humongous regions: 0->0
[2020-12-01T18:49:05.586-0800][gc,metaspace ] GC(7) Metaspace: 46877K(48512K)->46877K(48512K) NonClass: 41197K(42240K)->41197K(42240K) Class: 5679K(6272K)->5679K(6272K)
[2020-12-01T18:49:05.586-0800][gc           ] GC(7) Pause Young (Normal) (G1 Evacuation Pause) 256M->29M(512M) 20.890ms
[2020-12-01T18:49:05.586-0800][gc,cpu       ] GC(7) User=0.13s Sys=0.01s Real=0.02s
[2020-12-01T18:49:07.222-0800][gc,start     ] GC(8) Pause Young (Concurrent Start) (Metadata GC Threshold)
[2020-12-01T18:49:07.222-0800][gc,task      ] GC(8) Using 8 workers of 8 for evacuation
[2020-12-01T18:49:07.241-0800][gc,phases    ] GC(8)   Pre Evacuate Collection Set: 0.1ms
[2020-12-01T18:49:07.241-0800][gc,phases    ] GC(8)   Merge Heap Roots: 0.1ms
[2020-12-01T18:49:07.241-0800][gc,phases    ] GC(8)   Evacuate Collection Set: 17.3ms
[2020-12-01T18:49:07.241-0800][gc,phases    ] GC(8)   Post Evacuate Collection Set: 1.2ms
[2020-12-01T18:49:07.241-0800][gc,phases    ] GC(8)   Other: 0.3ms
[2020-12-01T18:49:07.241-0800][gc,heap      ] GC(8) Eden regions: 190->0(234)
[2020-12-01T18:49:07.241-0800][gc,heap      ] GC(8) Survivor regions: 22->22(32)
[2020-12-01T18:49:07.242-0800][gc,heap      ] GC(8) Old regions: 8->15
[2020-12-01T18:49:07.242-0800][gc,heap      ] GC(8) Archive regions: 2->2
[2020-12-01T18:49:07.242-0800][gc,heap      ] GC(8) Humongous regions: 5->5
[2020-12-01T18:49:07.242-0800][gc,metaspace ] GC(8) Metaspace: 58519K(60160K)->58519K(60160K) NonClass: 51390K(52352K)->51390K(52352K) Class: 7129K(7808K)->7129K(7808K)
[2020-12-01T18:49:07.242-0800][gc           ] GC(8) Pause Young (Concurrent Start) (Metadata GC Threshold) 224M->41M(512M) 19.108ms
[2020-12-01T18:49:07.242-0800][gc,cpu       ] GC(8) User=0.11s Sys=0.01s Real=0.02s
[2020-12-01T18:49:07.242-0800][gc           ] GC(9) Concurrent Cycle
[2020-12-01T18:49:07.242-0800][gc,marking   ] GC(9) Concurrent Clear Claimed Marks
[2020-12-01T18:49:07.242-0800][gc,marking   ] GC(9) Concurrent Clear Claimed Marks 0.108ms
[2020-12-01T18:49:07.242-0800][gc,marking   ] GC(9) Concurrent Scan Root Regions
[2020-12-01T18:49:07.258-0800][gc,marking   ] GC(9) Concurrent Scan Root Regions 15.781ms
[2020-12-01T18:49:07.258-0800][gc,marking   ] GC(9) Concurrent Mark (8.707s)
[2020-12-01T18:49:07.258-0800][gc,marking   ] GC(9) Concurrent Mark From Roots
[2020-12-01T18:49:07.258-0800][gc,task      ] GC(9) Using 2 workers of 2 for marking
[2020-12-01T18:49:07.275-0800][gc,marking   ] GC(9) Concurrent Mark From Roots 17.132ms
[2020-12-01T18:49:07.275-0800][gc,marking   ] GC(9) Concurrent Preclean
[2020-12-01T18:49:07.275-0800][gc,marking   ] GC(9) Concurrent Preclean 0.091ms
[2020-12-01T18:49:07.275-0800][gc,marking   ] GC(9) Concurrent Mark (8.707s, 8.724s) 17.310ms
[2020-12-01T18:49:07.275-0800][gc,start     ] GC(9) Pause Remark
[2020-12-01T18:49:07.284-0800][gc           ] GC(9) Pause Remark 45M->45M(512M) 8.097ms
[2020-12-01T18:49:07.284-0800][gc,cpu       ] GC(9) User=0.04s Sys=0.00s Real=0.01s
[2020-12-01T18:49:07.285-0800][gc,marking   ] GC(9) Concurrent Rebuild Remembered Sets
[2020-12-01T18:49:07.303-0800][gc,marking   ] GC(9) Concurrent Rebuild Remembered Sets 17.909ms
[2020-12-01T18:49:07.303-0800][gc,start     ] GC(9) Pause Cleanup
[2020-12-01T18:49:07.303-0800][gc           ] GC(9) Pause Cleanup 48M->48M(512M) 0.141ms
[2020-12-01T18:49:07.303-0800][gc,cpu       ] GC(9) User=0.00s Sys=0.00s Real=0.00s
[2020-12-01T18:49:07.304-0800][gc,marking   ] GC(9) Concurrent Cleanup for Next Mark
[2020-12-01T18:49:07.305-0800][gc,marking   ] GC(9) Concurrent Cleanup for Next Mark 0.833ms
[2020-12-01T18:49:07.305-0800][gc           ] GC(9) Concurrent Cycle 63.061ms
[2020-12-01T18:51:31.651-0800][gc,start     ] GC(10) Pause Young (Normal) (G1 Evacuation Pause)
[2020-12-01T18:51:31.652-0800][gc,task      ] GC(10) Using 8 workers of 8 for evacuation
[2020-12-01T18:51:31.666-0800][gc,phases    ] GC(10)   Pre Evacuate Collection Set: 0.1ms
[2020-12-01T18:51:31.666-0800][gc,phases    ] GC(10)   Merge Heap Roots: 0.1ms
[2020-12-01T18:51:31.666-0800][gc,phases    ] GC(10)   Evacuate Collection Set: 12.7ms
[2020-12-01T18:51:31.666-0800][gc,phases    ] GC(10)   Post Evacuate Collection Set: 1.1ms
[2020-12-01T18:51:31.666-0800][gc,phases    ] GC(10)   Other: 0.2ms
[2020-12-01T18:51:31.666-0800][gc,heap      ] GC(10) Eden regions: 234->0(237)
[2020-12-01T18:51:31.666-0800][gc,heap      ] GC(10) Survivor regions: 22->19(32)
[2020-12-01T18:51:31.666-0800][gc,heap      ] GC(10) Old regions: 15->22
[2020-12-01T18:51:31.666-0800][gc,heap      ] GC(10) Archive regions: 2->2
[2020-12-01T18:51:31.666-0800][gc,heap      ] GC(10) Humongous regions: 17->17
[2020-12-01T18:51:31.666-0800][gc,metaspace ] GC(10) Metaspace: 67283K(69248K)->67283K(69248K) NonClass: 59040K(60160K)->59040K(60160K) Class: 8242K(9088K)->8242K(9088K)
[2020-12-01T18:51:31.666-0800][gc           ] GC(10) Pause Young (Normal) (G1 Evacuation Pause) 287M->58M(512M) 14.340ms
[2020-12-01T18:51:31.666-0800][gc,cpu       ] GC(10) User=0.10s Sys=0.01s Real=0.01s
[2020-12-01T19:18:45.892-0800][gc,heap,exit ] Heap
[2020-12-01T19:18:45.892-0800][gc,heap,exit ]  garbage-first heap   total 524288K, used 139486K [0x00000007e0000000, 0x0000000800000000)
[2020-12-01T19:18:45.892-0800][gc,heap,exit ]   region size 1024K, 98 young (100352K), 19 survivors (19456K)
[2020-12-01T19:18:45.892-0800][gc,heap,exit ]  Metaspace       used 70810K, capacity 73163K, committed 73472K, reserved 1112064K
[2020-12-01T19:18:45.892-0800][gc,heap,exit ]   class space    used 8587K, capacity 9903K, committed 9984K, reserved 1048576K
